Archive member included to satisfy reference by file (symbol)

C:/ST/STM32CubeIDE_1.19.0/STM32CubeIDE/plugins/com.st.stm32cube.ide.mcu.externaltools.gnu-tools-for-stm32.13.3.rel1.win32_1.0.0.202411081344/tools/bin/../lib/gcc/arm-none-eabi/13.3.1/../../../../arm-none-eabi/lib/thumb/v6-m/nofp\libc_nano.a(libc_a-exit.o)
                              C:/ST/STM32CubeIDE_1.19.0/STM32CubeIDE/plugins/com.st.stm32cube.ide.mcu.externaltools.gnu-tools-for-stm32.13.3.rel1.win32_1.0.0.202411081344/tools/bin/../lib/gcc/arm-none-eabi/13.3.1/../../../../arm-none-eabi/lib/thumb/v6-m/nofp/crt0.o (exit)
C:/ST/STM32CubeIDE_1.19.0/STM32CubeIDE/plugins/com.st.stm32cube.ide.mcu.externaltools.gnu-tools-for-stm32.13.3.rel1.win32_1.0.0.202411081344/tools/bin/../lib/gcc/arm-none-eabi/13.3.1/../../../../arm-none-eabi/lib/thumb/v6-m/nofp\libc_nano.a(libc_a-findfp.o)
                              C:/ST/STM32CubeIDE_1.19.0/STM32CubeIDE/plugins/com.st.stm32cube.ide.mcu.externaltools.gnu-tools-for-stm32.13.3.rel1.win32_1.0.0.202411081344/tools/bin/../lib/gcc/arm-none-eabi/13.3.1/../../../../arm-none-eabi/lib/thumb/v6-m/nofp\libc_nano.a(libc_a-exit.o) (__stdio_exit_handler)
C:/ST/STM32CubeIDE_1.19.0/STM32CubeIDE/plugins/com.st.stm32cube.ide.mcu.externaltools.gnu-tools-for-stm32.13.3.rel1.win32_1.0.0.202411081344/tools/bin/../lib/gcc/arm-none-eabi/13.3.1/../../../../arm-none-eabi/lib/thumb/v6-m/nofp\libc_nano.a(libc_a-fwalk.o)
                              C:/ST/STM32CubeIDE_1.19.0/STM32CubeIDE/plugins/com.st.stm32cube.ide.mcu.externaltools.gnu-tools-for-stm32.13.3.rel1.win32_1.0.0.202411081344/tools/bin/../lib/gcc/arm-none-eabi/13.3.1/../../../../arm-none-eabi/lib/thumb/v6-m/nofp\libc_nano.a(libc_a-findfp.o) (_fwalk_sglue)
C:/ST/STM32CubeIDE_1.19.0/STM32CubeIDE/plugins/com.st.stm32cube.ide.mcu.externaltools.gnu-tools-for-stm32.13.3.rel1.win32_1.0.0.202411081344/tools/bin/../lib/gcc/arm-none-eabi/13.3.1/../../../../arm-none-eabi/lib/thumb/v6-m/nofp\libc_nano.a(libc_a-stdio.o)
                              C:/ST/STM32CubeIDE_1.19.0/STM32CubeIDE/plugins/com.st.stm32cube.ide.mcu.externaltools.gnu-tools-for-stm32.13.3.rel1.win32_1.0.0.202411081344/tools/bin/../lib/gcc/arm-none-eabi/13.3.1/../../../../arm-none-eabi/lib/thumb/v6-m/nofp\libc_nano.a(libc_a-findfp.o) (__sread)
C:/ST/STM32CubeIDE_1.19.0/STM32CubeIDE/plugins/com.st.stm32cube.ide.mcu.externaltools.gnu-tools-for-stm32.13.3.rel1.win32_1.0.0.202411081344/tools/bin/../lib/gcc/arm-none-eabi/13.3.1/../../../../arm-none-eabi/lib/thumb/v6-m/nofp\libc_nano.a(libc_a-memset.o)
                              C:/ST/STM32CubeIDE_1.19.0/STM32CubeIDE/plugins/com.st.stm32cube.ide.mcu.externaltools.gnu-tools-for-stm32.13.3.rel1.win32_1.0.0.202411081344/tools/bin/../lib/gcc/arm-none-eabi/13.3.1/../../../../arm-none-eabi/lib/thumb/v6-m/nofp/crt0.o (memset)
C:/ST/STM32CubeIDE_1.19.0/STM32CubeIDE/plugins/com.st.stm32cube.ide.mcu.externaltools.gnu-tools-for-stm32.13.3.rel1.win32_1.0.0.202411081344/tools/bin/../lib/gcc/arm-none-eabi/13.3.1/../../../../arm-none-eabi/lib/thumb/v6-m/nofp\libc_nano.a(libc_a-closer.o)
                              C:/ST/STM32CubeIDE_1.19.0/STM32CubeIDE/plugins/com.st.stm32cube.ide.mcu.externaltools.gnu-tools-for-stm32.13.3.rel1.win32_1.0.0.202411081344/tools/bin/../lib/gcc/arm-none-eabi/13.3.1/../../../../arm-none-eabi/lib/thumb/v6-m/nofp\libc_nano.a(libc_a-stdio.o) (_close_r)
C:/ST/STM32CubeIDE_1.19.0/STM32CubeIDE/plugins/com.st.stm32cube.ide.mcu.externaltools.gnu-tools-for-stm32.13.3.rel1.win32_1.0.0.202411081344/tools/bin/../lib/gcc/arm-none-eabi/13.3.1/../../../../arm-none-eabi/lib/thumb/v6-m/nofp\libc_nano.a(libc_a-reent.o)
                              C:/ST/STM32CubeIDE_1.19.0/STM32CubeIDE/plugins/com.st.stm32cube.ide.mcu.externaltools.gnu-tools-for-stm32.13.3.rel1.win32_1.0.0.202411081344/tools/bin/../lib/gcc/arm-none-eabi/13.3.1/../../../../arm-none-eabi/lib/thumb/v6-m/nofp\libc_nano.a(libc_a-closer.o) (errno)
C:/ST/STM32CubeIDE_1.19.0/STM32CubeIDE/plugins/com.st.stm32cube.ide.mcu.externaltools.gnu-tools-for-stm32.13.3.rel1.win32_1.0.0.202411081344/tools/bin/../lib/gcc/arm-none-eabi/13.3.1/../../../../arm-none-eabi/lib/thumb/v6-m/nofp\libc_nano.a(libc_a-impure.o)
                              C:/ST/STM32CubeIDE_1.19.0/STM32CubeIDE/plugins/com.st.stm32cube.ide.mcu.externaltools.gnu-tools-for-stm32.13.3.rel1.win32_1.0.0.202411081344/tools/bin/../lib/gcc/arm-none-eabi/13.3.1/../../../../arm-none-eabi/lib/thumb/v6-m/nofp\libc_nano.a(libc_a-reent.o) (_impure_ptr)
C:/ST/STM32CubeIDE_1.19.0/STM32CubeIDE/plugins/com.st.stm32cube.ide.mcu.externaltools.gnu-tools-for-stm32.13.3.rel1.win32_1.0.0.202411081344/tools/bin/../lib/gcc/arm-none-eabi/13.3.1/../../../../arm-none-eabi/lib/thumb/v6-m/nofp\libc_nano.a(libc_a-lseekr.o)
[...]
Memory Configuration

Name             Origin             Length             Attributes
RAM              0x20000000         0x0000a000         xrw
FLASH            0x08000000         0x00040000         xr
*default*        0x00000000         0xffffffff

Linker script and memory map

LOAD C:/ST/STM32CubeIDE_1.19.0/STM32CubeIDE/plugins/com.st.stm32cube.ide.mcu.externaltools.gnu-tools-for-stm32.13.3.rel1.win32_1.0.0.202411081344/tools/bin/../lib/gcc/arm-none-eabi/13.3.1/thumb/v6-m/nofp/crti.o
LOAD C:/ST/STM32CubeIDE_1.19.0/STM32CubeIDE/plugins/com.st.stm32cube.ide.mcu.externaltools.gnu-tools-for-stm32.13.3.rel1.win32_1.0.0.202411081344/tools/bin/../lib/gcc/arm-none-eabi/13.3.1/thumb/v6-m/nofp/crtbegin.o
LOAD C:/ST/STM32CubeIDE_1.19.0/STM32CubeIDE/plugins/com.st.stm32cube.ide.mcu.externaltools.gnu-tools-for-stm32.13.3.rel1.win32_1.0.0.202411081344/tools/bin/../lib/gcc/arm-none-eabi/13.3.1/../../../../arm-none-eabi/lib/thumb/v6-m/nofp/crt0.o
LOAD CMakeFiles/nucleo-u083rc.elf.dir/BSP/Drivers/BSP/STM32U0xx_Nucleo/stm32u0xx_nucleo.c.obj
LOAD CMakeFiles/nucleo-u083rc.elf.dir/BSP/Drivers/STM32U0xx_HAL_Driver/Src/stm32u0xx_hal.c.obj
LOAD CMakeFiles/nucleo-u083rc.elf.dir/BSP/Drivers/STM32U0xx_HAL_Driver/Src/stm32u0xx_hal_cortex.c.obj
LOAD CMakeFiles/nucleo-u083rc.elf.dir/BSP/Drivers/STM32U0xx_HAL_Driver/Src/stm32u0xx_hal_dma.c.obj
LOAD CMakeFiles/nucleo-u083rc.elf.dir/BSP/Drivers/STM32U0xx_HAL_Driver/Src/stm32u0xx_hal_dma_ex.c.obj
LOAD CMakeFiles/nucleo-u083rc.elf.dir/BSP/Drivers/STM32U0xx_HAL_Driver/Src/stm32u0xx_hal_exti.c.obj
LOAD CMakeFiles/nucleo-u083rc.elf.dir/BSP/Drivers/STM32U0xx_HAL_Driver/Src/stm32u0xx_hal_flash.c.obj
LOAD CMakeFiles/nucleo-u083rc.elf.dir/BSP/Drivers/STM32U0xx_HAL_Driver/Src/stm32u0xx_hal_flash_ex.c.obj
LOAD CMakeFiles/nucleo-u083rc.elf.dir/BSP/Drivers/STM32U0xx_HAL_Driver/Src/stm32u0xx_hal_gpio.c.obj
LOAD CMakeFiles/nucleo-u083rc.elf.dir/BSP/Drivers/STM32U0xx_HAL_Driver/Src/stm32u0xx_hal_pwr.c.obj
LOAD CMakeFiles/nucleo-u083rc.elf.dir/BSP/Drivers/STM32U0xx_HAL_Driver/Src/stm32u0xx_hal_pwr_ex.c.obj
LOAD CMakeFiles/nucleo-u083rc.elf.dir/BSP/Drivers/STM32U0xx_HAL_Driver/Src/stm32u0xx_hal_rcc.c.obj
LOAD CMakeFiles/nucleo-u083rc.elf.dir/BSP/Drivers/STM32U0xx_HAL_Driver/Src/stm32u0xx_hal_rcc_ex.c.obj
LOAD CMakeFiles/nucleo-u083rc.elf.dir/BSP/Drivers/STM32U0xx_HAL_Driver/Src/stm32u0xx_hal_uart.c.obj
LOAD CMakeFiles/nucleo-u083rc.elf.dir/BSP/Drivers/STM32U0xx_HAL_Driver/Src/stm32u0xx_hal_uart_ex.c.obj
LOAD CMakeFiles/nucleo-u083rc.elf.dir/BSP/Drivers/STM32U0xx_HAL_Driver/Src/stm32u0xx_hal_usart.c.obj
LOAD CMakeFiles/nucleo-u083rc.elf.dir/BSP/Drivers/STM32U0xx_HAL_Driver/Src/stm32u0xx_hal_usart_ex.c.obj
LOAD CMakeFiles/nucleo-u083rc.elf.dir/BSP/Src/main.c.obj
LOAD CMakeFiles/nucleo-u083rc.elf.dir/BSP/Src/stm32u0xx_hal_msp.c.obj
LOAD CMakeFiles/nucleo-u083rc.elf.dir/BSP/Src/stm32u0xx_it.c.obj
LOAD CMakeFiles/nucleo-u083rc.elf.dir/BSP/Src/syscalls.c.obj
LOAD CMakeFiles/nucleo-u083rc.elf.dir/BSP/Src/sysmem.c.obj
LOAD CMakeFiles/nucleo-u083rc.elf.dir/BSP/Src/system_stm32u0xx.c.obj
LOAD CMakeFiles/nucleo-u083rc.elf.dir/BSP/startup_stm32u083xx.s.obj
START GROUP
LOAD C:/ST/STM32CubeIDE_1.19.0/STM32CubeIDE/plugins/com.st.stm32cube.ide.mcu.externaltools.gnu-tools-for-stm32.13.3.rel1.win32_1.0.0.202411081344/tools/bin/../lib/gcc/arm-none-eabi/13.3.1/../../../../arm-none-eabi/lib/thumb/v6-m/nofp\libc_nano.a
LOAD C:/ST/STM32CubeIDE_1.19.0/STM32CubeIDE/plugins/com.st.stm32cube.ide.mcu.externaltools.gnu-tools-for-stm32.13.3.rel1.win32_1.0.0.202411081344/tools/bin/../lib/gcc/arm-none-eabi/13.3.1/../../../../arm-none-eabi/lib/thumb/v6-m/nofp\libm.a
END GROUP
START GROUP
LOAD C:/ST/STM32CubeIDE_1.19.0/STM32CubeIDE/plugins/com.st.stm32cube.ide.mcu.externaltools.gnu-tools-for-stm32.13.3.rel1.win32_1.0.0.202411081344/tools/bin/../lib/gcc/arm-none-eabi/13.3.1/thumb/v6-m/nofp\libgcc.a
LOAD C:/ST/STM32CubeIDE_1.19.0/STM32CubeIDE/plugins/com.st.stm32cube.ide.mcu.externaltools.gnu-tools-for-stm32.13.3.rel1.win32_1.0.0.202411081344/tools/bin/../lib/gcc/arm-none-eabi/13.3.1/../../../../arm-none-eabi/lib/thumb/v6-m/nofp\libc_nano.a
END GROUP
START GROUP
LOAD C:/ST/STM32CubeIDE_1.19.0/STM32CubeIDE/plugins/com.st.stm32cube.ide.mcu.externaltools.gnu-tools-for-stm32.13.3.rel1.win32_1.0.0.202411081344/tools/bin/../lib/gcc/arm-none-eabi/13.3.1/thumb/v6-m/nofp\libgcc.a
LOAD C:/ST/STM32CubeIDE_1.19.0/STM32CubeIDE/plugins/com.st.stm32cube.ide.mcu.externaltools.gnu-tools-for-stm32.13.3.rel1.win32_1.0.0.202411081344/tools/bin/../lib/gcc/arm-none-eabi/13.3.1/../../../../arm-none-eabi/lib/thumb/v6-m/nofp\libc_nano.a
LOAD C:/ST/STM32CubeIDE_1.19.0/STM32CubeIDE/plugins/com.st.stm32cube.ide.mcu.externaltools.gnu-tools-for-stm32.13.3.rel1.win32_1.0.0.202411081344/tools/bin/../lib/gcc/arm-none-eabi/13.3.1/../../../../arm-none-eabi/lib/thumb/v6-m/nofp\libnosys.a
END GROUP
START GROUP
LOAD C:/ST/STM32CubeIDE_1.19.0/STM32CubeIDE/plugins/com.st.stm32cube.ide.mcu.externaltools.gnu-tools-for-stm32.13.3.rel1.win32_1.0.0.202411081344/tools/bin/../lib/gcc/arm-none-eabi/13.3.1/thumb/v6-m/nofp\libgcc.a
LOAD C:/ST/STM32CubeIDE_1.19.0/STM32CubeIDE/plugins/com.st.stm32cube.ide.mcu.externaltools.gnu-tools-for-stm32.13.3.rel1.win32_1.0.0.202411081344/tools/bin/../lib/gcc/arm-none-eabi/13.3.1/../../../../arm-none-eabi/lib/thumb/v6-m/nofp\libc_nano.a
LOAD C:/ST/STM32CubeIDE_1.19.0/STM32CubeIDE/plugins/com.st.stm32cube.ide.mcu.externaltools.gnu-tools-for-stm32.13.3.rel1.win32_1.0.0.202411081344/tools/bin/../lib/gcc/arm-none-eabi/13.3.1/../../../../arm-none-eabi/lib/thumb/v6-m/nofp\libnosys.a
END GROUP
LOAD C:/ST/STM32CubeIDE_1.19.0/STM32CubeIDE/plugins/com.st.stm32cube.ide.mcu.externaltools.gnu-tools-for-stm32.13.3.rel1.win32_1.0.0.202411081344/tools/bin/../lib/gcc/arm-none-eabi/13.3.1/thumb/v6-m/nofp/crtend.o
LOAD C:/ST/STM32CubeIDE_1.19.0/STM32CubeIDE/plugins/com.st.stm32cube.ide.mcu.externaltools.gnu-tools-for-stm32.13.3.rel1.win32_1.0.0.202411081344/tools/bin/../lib/gcc/arm-none-eabi/13.3.1/thumb/v6-m/nofp/crtn.o
                0x2000a000                        _estack = (ORIGIN (RAM) + LENGTH (RAM))
                0x00000200                        _Min_Heap_Size = 0x200
                0x00000400                        _Min_Stack_Size = 0x400

.isr_vector     0x08000000       0xc0
                0x08000000                        . = ALIGN (0x4)
 *(.isr_vector)
 .isr_vector    0x08000000       0xc0 CMakeFiles/nucleo-u083rc.elf.dir/BSP/startup_stm32u083xx.s.obj
                0x08000000                g_pfnVectors
                0x080000c0                        . = ALIGN (0x4)

.text           0x080000c0     0x3378
                0x080000c0                        . = ALIGN (0x4)
 *(.text)
 .text          0x080000c0       0x48 C:/ST/STM32CubeIDE_1.19.0/STM32CubeIDE/plugins/com.st.stm32cube.ide.mcu.externaltools.gnu-tools-for-stm32.13.3.rel1.win32_1.0.0.202411081344/tools/bin/../lib/gcc/arm-none-eabi/13.3.1/thumb/v6-m/nofp/crtbegin.o
 .text          0x08000108      0x114 C:/ST/STM32CubeIDE_1.19.0/STM32CubeIDE/plugins/com.st.stm32cube.ide.mcu.externaltools.gnu-tools-for-stm32.13.3.rel1.win32_1.0.0.202411081344/tools/bin/../lib/gcc/arm-none-eabi/13.3.1/thumb/v6-m/nofp\libgcc.a(_udivsi3.o)
                0x08000108                __aeabi_uidiv
                0x08000108                __udivsi3
                0x08000214                __aeabi_uidivmod
 .text          0x0800021c        0x4 C:/ST/STM32CubeIDE_1.19.0/STM32CubeIDE/plugins/com.st.stm32cube.ide.mcu.externaltools.gnu-tools-for-stm32.13.3.rel1.win32_1.0.0.202411081344/tools/bin/../lib/gcc/arm-none-eabi/13.3.1/thumb/v6-m/nofp\libgcc.a(_dvmd_tls.o)
                0x0800021c                __aeabi_idiv0
                0x0800021c                __aeabi_ldiv0
 .text          0x08000220       0x40 C:/ST/STM32CubeIDE_1.19.0/STM32CubeIDE/plugins/com.st.stm32cube.ide.mcu.externaltools.gnu-tools-for-stm32.13.3.rel1.win32_1.0.0.202411081344/tools/bin/../lib/gcc/arm-none-eabi/13.3.1/thumb/v6-m/nofp\libgcc.a(_aeabi_uldivmod.o)
                0x08000220                __aeabi_uldivmod
 .text          0x08000260      0x198 C:/ST/STM32CubeIDE_1.19.0/STM32CubeIDE/plugins/com.st.stm32cube.ide.mcu.externaltools.gnu-tools-for-stm32.13.3.rel1.win32_1.0.0.202411081344/tools/bin/../lib/gcc/arm-none-eabi/13.3.1/thumb/v6-m/nofp\libgcc.a(_udivmoddi4.o)
                0x08000260                __udivmoddi4
 .text          0x080003f8       0x18 C:/ST/STM32CubeIDE_1.19.0/STM32CubeIDE/plugins/com.st.stm32cube.ide.mcu.externaltools.gnu-tools-for-stm32.13.3.rel1.win32_1.0.0.202411081344/tools/bin/../lib/gcc/arm-none-eabi/13.3.1/thumb/v6-m/nofp\libgcc.a(_clzdi2.o)
                0x080003f8                __clzdi2
 .text          0x08000410       0x3c C:/ST/STM32CubeIDE_1.19.0/STM32CubeIDE/plugins/com.st.stm32cube.ide.mcu.externaltools.gnu-tools-for-stm32.13.3.rel1.win32_1.0.0.202411081344/tools/bin/../lib/gcc/arm-none-eabi/13.3.1/thumb/v6-m/nofp\libgcc.a(_clzsi2.o)
                0x08000410                __clzsi2
 *(.text*)
 .text.BSP_LED_Init
                0x0800044c       0x7c CMakeFiles/nucleo-u083rc.elf.dir/BSP/Drivers/BSP/STM32U0xx_Nucleo/stm32u0xx_nucleo.c.obj
                0x0800044c                BSP_LED_Init
 .text.BSP_PB_Init
                0x080004c8      0x104 CMakeFiles/nucleo-u083rc.elf.dir/BSP/Drivers/BSP/STM32U0xx_Nucleo/stm32u0xx_nucleo.c.obj
                0x080004c8                BSP_PB_Init
 .text.BSP_PB_IRQHandler
                0x080005cc       0x30 CMakeFiles/nucleo-u083rc.elf.dir/BSP/Drivers/BSP/STM32U0xx_Nucleo/stm32u0xx_nucleo.c.obj
                0x080005cc                BSP_PB_IRQHandler
 .text.BSP_PB_Callback
                0x080005fc       0x14 CMakeFiles/nucleo-u083rc.elf.dir/BSP/Drivers/BSP/STM32U0xx_Nucleo/stm32u0xx_nucleo.c.obj
                0x080005fc                BSP_PB_Callback
 .text.BSP_COM_Init
                0x08000610       0x64 CMakeFiles/nucleo-u083rc.elf.dir/BSP/Drivers/BSP/STM32U0xx_Nucleo/stm32u0xx_nucleo.c.obj
                0x08000610                BSP_COM_Init
 .text.MX_USART2_Init
                0x08000674       0x6c CMakeFiles/nucleo-u083rc.elf.dir/BSP/Drivers/BSP/STM32U0xx_Nucleo/stm32u0xx_nucleo.c.obj
                0x08000674                MX_USART2_Init
 .text.BUTTON_USER_EXTI_Callback
                0x080006e0       0x10 CMakeFiles/nucleo-u083rc.elf.dir/BSP/Drivers/BSP/STM32U0xx_Nucleo/stm32u0xx_nucleo.c.obj
 .text.COM1_MspInit
                0x080006f0       0xb0 CMakeFiles/nucleo-u083rc.elf.dir/BSP/Drivers/BSP/STM32U0xx_Nucleo/stm32u0xx_nucleo.c.obj
 .text.HAL_Init
                0x080007a0       0x2e CMakeFiles/nucleo-u083rc.elf.dir/BSP/Drivers/STM32U0xx_HAL_Driver/Src/stm32u0xx_hal.c.obj
                0x080007a0                HAL_Init
 *fill*         0x080007ce        0x2 
 .text.HAL_InitTick
                0x080007d0       0x94 CMakeFiles/nucleo-u083rc.elf.dir/BSP/Drivers/STM32U0xx_HAL_Driver/Src/stm32u0xx_hal.c.obj
                0x080007d0                HAL_InitTick
 .text.HAL_IncTick
                0x08000864       0x24 CMakeFiles/nucleo-u083rc.elf.dir/BSP/Drivers/STM32U0xx_HAL_Driver/Src/stm32u0xx_hal.c.obj
                0x08000864                HAL_IncTick
 .text.HAL_GetTick
                0x08000888       0x14 CMakeFiles/nucleo-u083rc.elf.dir/BSP/Drivers/STM32U0xx_HAL_Driver/Src/stm32u0xx_hal.c.obj
                0x08000888                HAL_GetTick
 .text.__NVIC_EnableIRQ
                0x0800089c       0x34 CMakeFiles/nucleo-u083rc.elf.dir/BSP/Drivers/STM32U0xx_HAL_Driver/Src/stm32u0xx_hal_cortex.c.obj
 .text.__NVIC_SetPriority
                0x080008d0       0xdc CMakeFiles/nucleo-u083rc.elf.dir/BSP/Drivers/STM32U0xx_HAL_Driver/Src/stm32u0xx_hal_cortex.c.obj
 .text.SysTick_Config
                0x080009ac       0x48 CMakeFiles/nucleo-u083rc.elf.dir/BSP/Drivers/STM32U0xx_HAL_Driver/Src/stm32u0xx_hal_cortex.c.obj
 .text.HAL_NVIC_SetPriority
                0x080009f4       0x2a CMakeFiles/nucleo-u083rc.elf.dir/BSP/Drivers/STM32U0xx_HAL_Driver/Src/stm32u0xx_hal_cortex.c.obj
                0x080009f4                HAL_NVIC_SetPriority
 .text.HAL_NVIC_EnableIRQ
                0x08000a1e       0x20 CMakeFiles/nucleo-u083rc.elf.dir/BSP/Drivers/STM32U0xx_HAL_Driver/Src/stm32u0xx_hal_cortex.c.obj
                0x08000a1e                HAL_NVIC_EnableIRQ
 .text.HAL_SYSTICK_Config
                0x08000a3e       0x1a CMakeFiles/nucleo-u083rc.elf.dir/BSP/Drivers/STM32U0xx_HAL_Driver/Src/stm32u0xx_hal_cortex.c.obj
                0x08000a3e                HAL_SYSTICK_Config
 .text.HAL_EXTI_RegisterCallback
                0x08000a58       0x64 CMakeFiles/nucleo-u083rc.elf.dir/BSP/Drivers/STM32U0xx_HAL_Driver/Src/stm32u0xx_hal_exti.c.obj
                0x08000a58                HAL_EXTI_RegisterCallback
 .text.HAL_EXTI_GetHandle
                0x08000abc       0x24 CMakeFiles/nucleo-u083rc.elf.dir/BSP/Drivers/STM32U0xx_HAL_Driver/Src/stm32u0xx_hal_exti.c.obj
                0x08000abc                HAL_EXTI_GetHandle
 .text.HAL_EXTI_IRQHandler
                0x08000ae0       0x94 CMakeFiles/nucleo-u083rc.elf.dir/BSP/Drivers/STM32U0xx_HAL_Driver/Src/stm32u0xx_hal_exti.c.obj
                0x08000ae0                HAL_EXTI_IRQHandler
 .text.HAL_GPIO_Init
                0x08000b74      0x2e8 CMakeFiles/nucleo-u083rc.elf.dir/BSP/Drivers/STM32U0xx_HAL_Driver/Src/stm32u0xx_hal_gpio.c.obj
                0x08000b74                HAL_GPIO_Init
 .text.HAL_GPIO_TogglePin
                0x08000e5c       0x36 CMakeFiles/nucleo-u083rc.elf.dir/BSP/Drivers/STM32U0xx_HAL_Driver/Src/stm32u0xx_hal_gpio.c.obj
                0x08000e5c                HAL_GPIO_TogglePin
 *fill*         0x08000e92        0x2 
 .text.HAL_PWREx_ControlVoltageScaling
                0x08000e94       0xc0 CMakeFiles/nucleo-u083rc.elf.dir/BSP/Drivers/STM32U0xx_HAL_Driver/Src/stm32u0xx_hal_pwr_ex.c.obj
                0x08000e94                HAL_PWREx_ControlVoltageScaling
 .text.HAL_PWREx_GetVoltageRange
                0x08000f54       0x18 CMakeFiles/nucleo-u083rc.elf.dir/BSP/Drivers/STM32U0xx_HAL_Driver/Src/stm32u0xx_hal_pwr_ex.c.obj
                0x08000f54                HAL_PWREx_GetVoltageRange
 .text.HAL_RCC_OscConfig
                0x08000f6c      0x854 CMakeFiles/nucleo-u083rc.elf.dir/BSP/Drivers/STM32U0xx_HAL_Driver/Src/stm32u0xx_hal_rcc.c.obj
                0x08000f6c                HAL_RCC_OscConfig
 .text.HAL_RCC_ClockConfig
                0x080017c0      0x1d8 CMakeFiles/nucleo-u083rc.elf.dir/BSP/Drivers/STM32U0xx_HAL_Driver/Src/stm32u0xx_hal_rcc.c.obj
                0x080017c0                HAL_RCC_ClockConfig
 .text.HAL_RCC_GetSysClockFreq
                0x08001998      0x138 CMakeFiles/nucleo-u083rc.elf.dir/BSP/Drivers/STM32U0xx_HAL_Driver/Src/stm32u0xx_hal_rcc.c.obj
                0x08001998                HAL_RCC_GetSysClockFreq
 .text.HAL_RCC_GetHCLKFreq
                0x08001ad0       0x14 CMakeFiles/nucleo-u083rc.elf.dir/BSP/Drivers/STM32U0xx_HAL_Driver/Src/stm32u0xx_hal_rcc.c.obj
                0x08001ad0                HAL_RCC_GetHCLKFreq
 .text.HAL_RCC_GetPCLK1Freq
                0x08001ae4       0x30 CMakeFiles/nucleo-u083rc.elf.dir/BSP/Drivers/STM32U0xx_HAL_Driver/Src/stm32u0xx_hal_rcc.c.obj
                0x08001ae4                HAL_RCC_GetPCLK1Freq
 .text.RCC_SetFlashLatencyFromMSIRange
                0x08001b14       0xd8 CMakeFiles/nucleo-u083rc.elf.dir/BSP/Drivers/STM32U0xx_HAL_Driver/Src/stm32u0xx_hal_rcc.c.obj
 .text.HAL_RCCEx_GetPeriphCLKFreq
                0x08001bec      0xa98 CMakeFiles/nucleo-u083rc.elf.dir/BSP/Drivers/STM32U0xx_HAL_Driver/Src/stm32u0xx_hal_rcc_ex.c.obj
                0x08001bec                HAL_RCCEx_GetPeriphCLKFreq
 .text.HAL_RCCEx_GetPLLClockFreq
                0x08002684      0x17c CMakeFiles/nucleo-u083rc.elf.dir/BSP/Drivers/STM32U0xx_HAL_Driver/Src/stm32u0xx_hal_rcc_ex.c.obj
                0x08002684                HAL_RCCEx_GetPLLClockFreq
 .text.HAL_UART_Init
                0x08002800       0xac CMakeFiles/nucleo-u083rc.elf.dir/BSP/Drivers/STM32U0xx_HAL_Driver/Src/stm32u0xx_hal_uart.c.obj
                0x08002800                HAL_UART_Init
 .text.HAL_UART_MspInit
                0x080028ac       0x10 CMakeFiles/nucleo-u083rc.elf.dir/BSP/Drivers/STM32U0xx_HAL_Driver/Src/stm32u0xx_hal_uart.c.obj
                0x080028ac                HAL_UART_MspInit
 .text.UART_SetConfig
                0x080028bc      0x3a4 CMakeFiles/nucleo-u083rc.elf.dir/BSP/Drivers/STM32U0xx_HAL_Driver/Src/stm32u0xx_hal_uart.c.obj
                0x080028bc                UART_SetConfig
 .text.UART_AdvFeatureConfig
                0x08002c60      0x168 CMakeFiles/nucleo-u083rc.elf.dir/BSP/Drivers/STM32U0xx_HAL_Driver/Src/stm32u0xx_hal_uart.c.obj
                0x08002c60                UART_AdvFeatureConfig
 .text.UART_CheckIdleState
                0x08002dc8      0x154 CMakeFiles/nucleo-u083rc.elf.dir/BSP/Drivers/STM32U0xx_HAL_Driver/Src/stm32u0xx_hal_uart.c.obj
                0x08002dc8                UART_CheckIdleState
 .text.UART_WaitOnFlagUntilTimeout
                0x08002f1c       0xde CMakeFiles/nucleo-u083rc.elf.dir/BSP/Drivers/STM32U0xx_HAL_Driver/Src/stm32u0xx_hal_uart.c.obj
                0x08002f1c                UART_WaitOnFlagUntilTimeout
 *fill*         0x08002ffa        0x2 
 .text.UART_EndRxTransfer
                0x08002ffc       0xcc CMakeFiles/nucleo-u083rc.elf.dir/BSP/Drivers/STM32U0xx_HAL_Driver/Src/stm32u0xx_hal_uart.c.obj
 .text.main     0x080030c8       0x7c CMakeFiles/nucleo-u083rc.elf.dir/BSP/Src/main.c.obj
                0x080030c8                main
 .text.SystemClock_Config
                0x08003144       0x8a CMakeFiles/nucleo-u083rc.elf.dir/BSP/Src/main.c.obj
                0x08003144                SystemClock_Config
 *fill*         0x080031ce        0x2 
 .text.MX_GPIO_Init
                0x080031d0       0xb4 CMakeFiles/nucleo-u083rc.elf.dir/BSP/Src/main.c.obj
 .text.Error_Handler
                0x08003284        0xc CMakeFiles/nucleo-u083rc.elf.dir/BSP/Src/main.c.obj
                0x08003284                Error_Handler
 .text.HAL_MspInit
                0x08003290       0x48 CMakeFiles/nucleo-u083rc.elf.dir/BSP/Src/stm32u0xx_hal_msp.c.obj
                0x08003290                HAL_MspInit
 .text.NMI_Handler
                0x080032d8        0x8 CMakeFiles/nucleo-u083rc.elf.dir/BSP/Src/stm32u0xx_it.c.obj
                0x080032d8                NMI_Handler
 .text.HardFault_Handler
                0x080032e0        0x8 CMakeFiles/nucleo-u083rc.elf.dir/BSP/Src/stm32u0xx_it.c.obj
                0x080032e0                HardFault_Handler
 .text.SVC_Handler
                0x080032e8        0xa CMakeFiles/nucleo-u083rc.elf.dir/BSP/Src/stm32u0xx_it.c.obj
                0x080032e8                SVC_Handler
 .text.PendSV_Handler
                0x080032f2        0xa CMakeFiles/nucleo-u083rc.elf.dir/BSP/Src/stm32u0xx_it.c.obj
                0x080032f2                PendSV_Handler
 .text.SysTick_Handler
                0x080032fc        0xe CMakeFiles/nucleo-u083rc.elf.dir/BSP/Src/stm32u0xx_it.c.obj
                0x080032fc                SysTick_Handler
 .text.EXTI4_15_IRQHandler
                0x0800330a       0x10 CMakeFiles/nucleo-u083rc.elf.dir/BSP/Src/stm32u0xx_it.c.obj
                0x0800330a                EXTI4_15_IRQHandler
 *fill*         0x0800331a        0x2 
 .text.SystemInit
                0x0800331c       0x58 CMakeFiles/nucleo-u083rc.elf.dir/BSP/Src/system_stm32u0xx.c.obj
                0x0800331c                SystemInit
 .text.Reset_Handler
                0x08003374       0x50 CMakeFiles/nucleo-u083rc.elf.dir/BSP/startup_stm32u083xx.s.obj
                0x08003374                Reset_Handler
 .text.Default_Handler
                0x080033c4        0x2 CMakeFiles/nucleo-u083rc.elf.dir/BSP/startup_stm32u083xx.s.obj
                0x080033c4                WWDG_IWDG_IRQHandler
                0x080033c4                DMA1_Ch4_7_DMA2_Ch1_5_DMAMUX_OVR_IRQHandler
                0x080033c4                TIM1_CC_IRQHandler
                0x080033c4                TSC_IRQHandler
                0x080033c4                USB_DRD_FS_IRQHandler
                0x080033c4                I2C1_IRQHandler
                0x080033c4                TIM7_LPTIM2_IRQHandler
                0x080033c4                RCC_CRS_IRQHandler
                0x080033c4                RTC_TAMP_IRQHandler
                0x080033c4                I2C2_3_4_IRQHandler
                0x080033c4                SPI1_IRQHandler
                0x080033c4                EXTI2_3_IRQHandler
                0x080033c4                USART2_LPUART2_IRQHandler
                0x080033c4                LCD_IRQHandler
                0x080033c4                TIM16_IRQHandler
                0x080033c4                TIM3_IRQHandler
                0x080033c4                DMA1_Channel1_IRQHandler
                0x080033c4                Default_Handler
                0x080033c4                TIM15_LPTIM3_IRQHandler
                0x080033c4                EXTI0_1_IRQHandler
                0x080033c4                SPI2_3_IRQHandler
                0x080033c4                ADC_COMP1_2_IRQHandler
                0x080033c4                PVD_PVM_IRQHandler
                0x080033c4                TIM6_DAC_LPTIM1_IRQHandler
                0x080033c4                TIM2_IRQHandler
                0x080033c4                DMA1_Channel2_3_IRQHandler
                0x080033c4                USART4_LPUART3_IRQHandler
                0x080033c4                FLASH_ECC_IRQHandler
                0x080033c4                USART3_LPUART1_IRQHandler
                0x080033c4                USART1_IRQHandler
                0x080033c4                TIM1_BRK_UP_TRG_COM_IRQHandler
                0x080033c4                RNG_CRYP_IRQHandler
 .text.memset   0x080033c6       0x10 C:/ST/STM32CubeIDE_1.19.0/STM32CubeIDE/plugins/com.st.stm32cube.ide.mcu.externaltools.gnu-tools-for-stm32.13.3.rel1.win32_1.0.0.202411081344/tools/bin/../lib/gcc/arm-none-eabi/13.3.1/../../../../arm-none-eabi/lib/thumb/v6-m/nofp\libc_nano.a(libc_a-memset.o)
                0x080033c6                memset
 *fill*         0x080033d6        0x2 
 .text.__libc_init_array
                0x080033d8       0x48 C:/ST/STM32CubeIDE_1.19.0/STM32CubeIDE/plugins/com.st.stm32cube.ide.mcu.externaltools.gnu-tools-for-stm32.13.3.rel1.win32_1.0.0.202411081344/tools/bin/../lib/gcc/arm-none-eabi/13.3.1/../../../../arm-none-eabi/lib/thumb/v6-m/nofp\libc_nano.a(libc_a-init.o)
                0x080033d8                __libc_init_array
 *(.glue_7)
 .glue_7        0x08003420        0x0 linker stubs
 *(.glue_7t)
 .glue_7t       0x08003420        0x0 linker stubs
 *(.eh_frame)
 .eh_frame      0x08003420        0x0 C:/ST/STM32CubeIDE_1.19.0/STM32CubeIDE/plugins/com.st.stm32cube.ide.mcu.externaltools.gnu-tools-for-stm32.13.3.rel1.win32_1.0.0.202411081344/tools/bin/../lib/gcc/arm-none-eabi/13.3.1/thumb/v6-m/nofp/crtbegin.o
 *(.init)
 .init          0x08003420        0x4 C:/ST/STM32CubeIDE_1.19.0/STM32CubeIDE/plugins/com.st.stm32cube.ide.mcu.externaltools.gnu-tools-for-stm32.13.3.rel1.win32_1.0.0.202411081344/tools/bin/../lib/gcc/arm-none-eabi/13.3.1/thumb/v6-m/nofp/crti.o
                0x08003420                _init
 .init          0x08003424        0x8 C:/ST/STM32CubeIDE_1.19.0/STM32CubeIDE/plugins/com.st.stm32cube.ide.mcu.externaltools.gnu-tools-for-stm32.13.3.rel1.win32_1.0.0.202411081344/tools/bin/../lib/gcc/arm-none-eabi/13.3.1/thumb/v6-m/nofp/crtn.o
 *(.fini)
 .fini          0x0800342c        0x4 C:/ST/STM32CubeIDE_1.19.0/STM32CubeIDE/plugins/com.st.stm32cube.ide.mcu.externaltools.gnu-tools-for-stm32.13.3.rel1.win32_1.0.0.202411081344/tools/bin/../lib/gcc/arm-none-eabi/13.3.1/thumb/v6-m/nofp/crti.o
                0x0800342c                _fini
 .fini          0x08003430        0x8 C:/ST/STM32CubeIDE_1.19.0/STM32CubeIDE/plugins/com.st.stm32cube.ide.mcu.externaltools.gnu-tools-for-stm32.13.3.rel1.win32_1.0.0.202411081344/tools/bin/../lib/gcc/arm-none-eabi/13.3.1/thumb/v6-m/nofp/crtn.o
                0x08003438                        . = ALIGN (0x4)
                0x08003438                        _etext = .

.vfp11_veneer   0x08003438        0x0
 .vfp11_veneer  0x08003438        0x0 linker stubs

.v4_bx          0x08003438        0x0
 .v4_bx         0x08003438        0x0 linker stubs

.iplt           0x08003438        0x0
 .iplt          0x08003438        0x0 C:/ST/STM32CubeIDE_1.19.0/STM32CubeIDE/plugins/com.st.stm32cube.ide.mcu.externaltools.gnu-tools-for-stm32.13.3.rel1.win32_1.0.0.202411081344/tools/bin/../lib/gcc/arm-none-eabi/13.3.1/thumb/v6-m/nofp/crtbegin.o

.rodata         0x08003438       0xe8
                0x08003438                        . = ALIGN (0x4)
 *(.rodata)
 *(.rodata*)
 .rodata.BUTTON_EXTI_LINE.2
                0x08003438        0x4 CMakeFiles/nucleo-u083rc.elf.dir/BSP/Drivers/BSP/STM32U0xx_Nucleo/stm32u0xx_nucleo.c.obj
 .rodata.HAL_RCCEx_GetPeriphCLKFreq
                0x0800343c       0x84 CMakeFiles/nucleo-u083rc.elf.dir/BSP/Drivers/STM32U0xx_HAL_Driver/Src/stm32u0xx_hal_rcc_ex.c.obj
 .rodata.UARTPrescTable
                0x080034c0       0x18 CMakeFiles/nucleo-u083rc.elf.dir/BSP/Drivers/STM32U0xx_HAL_Driver/Src/stm32u0xx_hal_uart.c.obj
                0x080034c0                UARTPrescTable
 .rodata.AHBPrescTable
                0x080034d8       0x10 CMakeFiles/nucleo-u083rc.elf.dir/BSP/Src/system_stm32u0xx.c.obj
                0x080034d8                AHBPrescTable
 .rodata.APBPrescTable
                0x080034e8        0x8 CMakeFiles/nucleo-u083rc.elf.dir/BSP/Src/system_stm32u0xx.c.obj
                0x080034e8                APBPrescTable
 .rodata.MSIRangeTable
                0x080034f0       0x30 CMakeFiles/nucleo-u083rc.elf.dir/BSP/Src/system_stm32u0xx.c.obj
                0x080034f0                MSIRangeTable
                0x08003520                        . = ALIGN (0x4)

.ARM.extab      0x08003520        0x0
                0x08003520                        . = ALIGN (0x4)
 *(.ARM.extab* .gnu.linkonce.armextab.*)
                0x08003520                        . = ALIGN (0x4)

.ARM            0x08003520        0x8
                0x08003520                        . = ALIGN (0x4)
                0x08003520                        __exidx_start = .
 *(.ARM.exidx*)
 .ARM.exidx     0x08003520        0x8 C:/ST/STM32CubeIDE_1.19.0/STM32CubeIDE/plugins/com.st.stm32cube.ide.mcu.externaltools.gnu-tools-for-stm32.13.3.rel1.win32_1.0.0.202411081344/tools/bin/../lib/gcc/arm-none-eabi/13.3.1/thumb/v6-m/nofp\libgcc.a(_udivmoddi4.o)
                0x08003528                        __exidx_end = .
                0x08003528                        . = ALIGN (0x4)

.preinit_array  0x08003528        0x0
                0x08003528                        . = ALIGN (0x4)
                0x08003528                        PROVIDE (__preinit_array_start = .)
 *(.preinit_array*)
                0x08003528                        PROVIDE (__preinit_array_end = .)
                0x08003528                        . = ALIGN (0x4)

.init_array     0x08003528        0x4
                0x08003528                        . = ALIGN (0x4)
                0x08003528                        PROVIDE (__init_array_start = .)
 *(SORT_BY_NAME(.init_array.*))
 *(.init_array*)
 .init_array    0x08003528        0x4 C:/ST/STM32CubeIDE_1.19.0/STM32CubeIDE/plugins/com.st.stm32cube.ide.mcu.externaltools.gnu-tools-for-stm32.13.3.rel1.win32_1.0.0.202411081344/tools/bin/../lib/gcc/arm-none-eabi/13.3.1/thumb/v6-m/nofp/crtbegin.o
                0x0800352c                        PROVIDE (__init_array_end = .)
                0x0800352c                        . = ALIGN (0x4)

.fini_array     0x0800352c        0x4
                0x0800352c                        . = ALIGN (0x4)
                [!provide]                        PROVIDE (__fini_array_start = .)
 *(SORT_BY_NAME(.fini_array.*))
 *(.fini_array*)
 .fini_array    0x0800352c        0x4 C:/ST/STM32CubeIDE_1.19.0/STM32CubeIDE/plugins/com.st.stm32cube.ide.mcu.externaltools.gnu-tools-for-stm32.13.3.rel1.win32_1.0.0.202411081344/tools/bin/../lib/gcc/arm-none-eabi/13.3.1/thumb/v6-m/nofp/crtbegin.o
                [!provide]                        PROVIDE (__fini_array_end = .)
                0x08003530                        . = ALIGN (0x4)
                0x08003530                        _sidata = LOADADDR (.data)

.rel.dyn        0x08003530        0x0
 .rel.iplt      0x08003530        0x0 C:/ST/STM32CubeIDE_1.19.0/STM32CubeIDE/plugins/com.st.stm32cube.ide.mcu.externaltools.gnu-tools-for-stm32.13.3.rel1.win32_1.0.0.202411081344/tools/bin/../lib/gcc/arm-none-eabi/13.3.1/thumb/v6-m/nofp/crtbegin.o

.data           0x20000000       0x20 load address 0x08003530
                0x20000000                        . = ALIGN (0x4)
                0x20000000                        _sdata = .
 *(.data)
 *(.data*)
 .data.COM_USART
                0x20000000        0x4 CMakeFiles/nucleo-u083rc.elf.dir/BSP/Drivers/BSP/STM32U0xx_Nucleo/stm32u0xx_nucleo.c.obj
                0x20000000                COM_USART
 .data.LED_PORT
                0x20000004        0x4 CMakeFiles/nucleo-u083rc.elf.dir/BSP/Drivers/BSP/STM32U0xx_Nucleo/stm32u0xx_nucleo.c.obj
 .data.BUTTON_PORT
                0x20000008        0x4 CMakeFiles/nucleo-u083rc.elf.dir/BSP/Drivers/BSP/STM32U0xx_Nucleo/stm32u0xx_nucleo.c.obj
 .data.ButtonCallback.1
                0x2000000c        0x4 CMakeFiles/nucleo-u083rc.elf.dir/BSP/Drivers/BSP/STM32U0xx_Nucleo/stm32u0xx_nucleo.c.obj
 .data.BSP_BUTTON_PRIO.0
                0x20000010        0x4 CMakeFiles/nucleo-u083rc.elf.dir/BSP/Drivers/BSP/STM32U0xx_Nucleo/stm32u0xx_nucleo.c.obj
 .data.uwTickPrio
                0x20000014        0x4 CMakeFiles/nucleo-u083rc.elf.dir/BSP/Drivers/STM32U0xx_HAL_Driver/Src/stm32u0xx_hal.c.obj
                0x20000014                uwTickPrio
 .data.uwTickFreq
                0x20000018        0x1 CMakeFiles/nucleo-u083rc.elf.dir/BSP/Drivers/STM32U0xx_HAL_Driver/Src/stm32u0xx_hal.c.obj
                0x20000018                uwTickFreq
 *fill*         0x20000019        0x3 
 .data.SystemCoreClock
                0x2000001c        0x4 CMakeFiles/nucleo-u083rc.elf.dir/BSP/Src/system_stm32u0xx.c.obj
                0x2000001c                SystemCoreClock
 *(.RamFunc)
 *(.RamFunc*)
                0x20000020                        . = ALIGN (0x4)
                0x20000020                        _edata = .

.igot.plt       0x20000020        0x0 load address 0x08003550
 .igot.plt      0x20000020        0x0 C:/ST/STM32CubeIDE_1.19.0/STM32CubeIDE/plugins/com.st.stm32cube.ide.mcu.externaltools.gnu-tools-for-stm32.13.3.rel1.win32_1.0.0.202411081344/tools/bin/../lib/gcc/arm-none-eabi/13.3.1/thumb/v6-m/nofp/crtbegin.o
                0x20000020                        . = ALIGN (0x4)

.bss            0x20000020       0xd0 load address 0x08003550
                0x20000020                        _sbss = .
                0x20000020                        __bss_start__ = _sbss
 *(.bss)
 .bss           0x20000020       0x1c C:/ST/STM32CubeIDE_1.19.0/STM32CubeIDE/plugins/com.st.stm32cube.ide.mcu.externaltools.gnu-tools-for-stm32.13.3.rel1.win32_1.0.0.202411081344/tools/bin/../lib/gcc/arm-none-eabi/13.3.1/thumb/v6-m/nofp/crtbegin.o
 *(.bss*)
 .bss.hpb_exti  0x2000003c        0xc CMakeFiles/nucleo-u083rc.elf.dir/BSP/Drivers/BSP/STM32U0xx_Nucleo/stm32u0xx_nucleo.c.obj
                0x2000003c                hpb_exti
 .bss.hcom_uart
                0x20000048       0x94 CMakeFiles/nucleo-u083rc.elf.dir/BSP/Drivers/BSP/STM32U0xx_Nucleo/stm32u0xx_nucleo.c.obj
                0x20000048                hcom_uart
 .bss.uwTick    0x200000dc        0x4 CMakeFiles/nucleo-u083rc.elf.dir/BSP/Drivers/STM32U0xx_HAL_Driver/Src/stm32u0xx_hal.c.obj
                0x200000dc                uwTick
 .bss.BspCOMInit
                0x200000e0       0x10 CMakeFiles/nucleo-u083rc.elf.dir/BSP/Src/main.c.obj
                0x200000e0                BspCOMInit
 *(COMMON)
                0x200000f0                        . = ALIGN (0x4)
                0x200000f0                        _ebss = .
                0x200000f0                        __bss_end__ = _ebss

._user_heap_stack
                0x200000f0      0x600 load address 0x08003550
                0x200000f0                        . = ALIGN (0x8)
                [!provide]                        PROVIDE (end = .)
                0x200000f0                        PROVIDE (_end = .)
                0x200002f0                        . = (. + _Min_Heap_Size)
 *fill*         0x200000f0      0x200 
                0x200006f0                        . = (. + _Min_Stack_Size)
 *fill*         0x200002f0      0x400 
                0x200006f0                        . = ALIGN (0x8)

/DISCARD/
 libc.a(*)
 libm.a(*)
 libgcc.a(*)

.ARM.attributes
                0x00000000       0x28
 *(.ARM.attributes)
 .ARM.attributes
                0x00000000       0x1e C:/ST/STM32CubeIDE_1.19.0/STM32CubeIDE/plugins/com.st.stm32cube.ide.mcu.externaltools.gnu-tools-for-stm32.13.3.rel1.win32_1.0.0.202411081344/tools/bin/../lib/gcc/arm-none-eabi/13.3.1/thumb/v6-m/nofp/crti.o
 .ARM.attributes
                0x0000001e       0x2c C:/ST/STM32CubeIDE_1.19.0/STM32CubeIDE/plugins/com.st.stm32cube.ide.mcu.externaltools.gnu-tools-for-stm32.13.3.rel1.win32_1.0.0.202411081344/tools/bin/../lib/gcc/arm-none-eabi/13.3.1/thumb/v6-m/nofp/crtbegin.o
 .ARM.attributes
                0x0000004a       0x2c CMakeFiles/nucleo-u083rc.elf.dir/BSP/Drivers/BSP/STM32U0xx_Nucleo/stm32u0xx_nucleo.c.obj
 .ARM.attributes
                0x00000076       0x2c CMakeFiles/nucleo-u083rc.elf.dir/BSP/Drivers/STM32U0xx_HAL_Driver/Src/stm32u0xx_hal.c.obj
 .ARM.attributes
                0x000000a2       0x2c CMakeFiles/nucleo-u083rc.elf.dir/BSP/Drivers/STM32U0xx_HAL_Driver/Src/stm32u0xx_hal_cortex.c.obj
 .ARM.attributes
                0x000000ce       0x2c CMakeFiles/nucleo-u083rc.elf.dir/BSP/Drivers/STM32U0xx_HAL_Driver/Src/stm32u0xx_hal_exti.c.obj
 .ARM.attributes
                0x000000fa       0x2c CMakeFiles/nucleo-u083rc.elf.dir/BSP/Drivers/STM32U0xx_HAL_Driver/Src/stm32u0xx_hal_gpio.c.obj
 .ARM.attributes
                0x00000126       0x2c CMakeFiles/nucleo-u083rc.elf.dir/BSP/Drivers/STM32U0xx_HAL_Driver/Src/stm32u0xx_hal_pwr_ex.c.obj
 .ARM.attributes
                0x00000152       0x2c CMakeFiles/nucleo-u083rc.elf.dir/BSP/Drivers/STM32U0xx_HAL_Driver/Src/stm32u0xx_hal_rcc.c.obj
 .ARM.attributes
                0x0000017e       0x2c CMakeFiles/nucleo-u083rc.elf.dir/BSP/Drivers/STM32U0xx_HAL_Driver/Src/stm32u0xx_hal_rcc_ex.c.obj
 .ARM.attributes
                0x000001aa       0x2c CMakeFiles/nucleo-u083rc.elf.dir/BSP/Drivers/STM32U0xx_HAL_Driver/Src/stm32u0xx_hal_uart.c.obj
 .ARM.attributes
                0x000001d6       0x2c CMakeFiles/nucleo-u083rc.elf.dir/BSP/Src/main.c.obj
 .ARM.attributes
                0x00000202       0x2c CMakeFiles/nucleo-u083rc.elf.dir/BSP/Src/stm32u0xx_hal_msp.c.obj
 .ARM.attributes
                0x0000022e       0x2c CMakeFiles/nucleo-u083rc.elf.dir/BSP/Src/stm32u0xx_it.c.obj
 .ARM.attributes
                0x0000025a       0x2c CMakeFiles/nucleo-u083rc.elf.dir/BSP/Src/system_stm32u0xx.c.obj
 .ARM.attributes
                0x00000286       0x22 CMakeFiles/nucleo-u083rc.elf.dir/BSP/startup_stm32u083xx.s.obj
 .ARM.attributes
                0x000002a8       0x2c C:/ST/STM32CubeIDE_1.19.0/STM32CubeIDE/plugins/com.st.stm32cube.ide.mcu.externaltools.gnu-tools-for-stm32.13.3.rel1.win32_1.0.0.202411081344/tools/bin/../lib/gcc/arm-none-eabi/13.3.1/../../../../arm-none-eabi/lib/thumb/v6-m/nofp\libc_nano.a(libc_a-memset.o)
 .ARM.attributes
                0x000002d4       0x2c C:/ST/STM32CubeIDE_1.19.0/STM32CubeIDE/plugins/com.st.stm32cube.ide.mcu.externaltools.gnu-tools-for-stm32.13.3.rel1.win32_1.0.0.202411081344/tools/bin/../lib/gcc/arm-none-eabi/13.3.1/../../../../arm-none-eabi/lib/thumb/v6-m/nofp\libc_nano.a(libc_a-init.o)
 .ARM.attributes
                0x00000300       0x1e C:/ST/STM32CubeIDE_1.19.0/STM32CubeIDE/plugins/com.st.stm32cube.ide.mcu.externaltools.gnu-tools-for-stm32.13.3.rel1.win32_1.0.0.202411081344/tools/bin/../lib/gcc/arm-none-eabi/13.3.1/thumb/v6-m/nofp\libgcc.a(_udivsi3.o)
 .ARM.attributes
                0x0000031e       0x1e C:/ST/STM32CubeIDE_1.19.0/STM32CubeIDE/plugins/com.st.stm32cube.ide.mcu.externaltools.gnu-tools-for-stm32.13.3.rel1.win32_1.0.0.202411081344/tools/bin/../lib/gcc/arm-none-eabi/13.3.1/thumb/v6-m/nofp\libgcc.a(_dvmd_tls.o)
 .ARM.attributes
                0x0000033c       0x1e C:/ST/STM32CubeIDE_1.19.0/STM32CubeIDE/plugins/com.st.stm32cube.ide.mcu.externaltools.gnu-tools-for-stm32.13.3.rel1.win32_1.0.0.202411081344/tools/bin/../lib/gcc/arm-none-eabi/13.3.1/thumb/v6-m/nofp\libgcc.a(_aeabi_uldivmod.o)
 .ARM.attributes
                0x0000035a       0x2c C:/ST/STM32CubeIDE_1.19.0/STM32CubeIDE/plugins/com.st.stm32cube.ide.mcu.externaltools.gnu-tools-for-stm32.13.3.rel1.win32_1.0.0.202411081344/tools/bin/../lib/gcc/arm-none-eabi/13.3.1/thumb/v6-m/nofp\libgcc.a(_udivmoddi4.o)
 .ARM.attributes
                0x00000386       0x1e C:/ST/STM32CubeIDE_1.19.0/STM32CubeIDE/plugins/com.st.stm32cube.ide.mcu.externaltools.gnu-tools-for-stm32.13.3.rel1.win32_1.0.0.202411081344/tools/bin/../lib/gcc/arm-none-eabi/13.3.1/thumb/v6-m/nofp\libgcc.a(_clzdi2.o)
 .ARM.attributes
                0x000003a4       0x1e C:/ST/STM32CubeIDE_1.19.0/STM32CubeIDE/plugins/com.st.stm32cube.ide.mcu.externaltools.gnu-tools-for-stm32.13.3.rel1.win32_1.0.0.202411081344/tools/bin/../lib/gcc/arm-none-eabi/13.3.1/thumb/v6-m/nofp\libgcc.a(_clzsi2.o)
 .ARM.attributes
                0x000003c2       0x1e C:/ST/STM32CubeIDE_1.19.0/STM32CubeIDE/plugins/com.st.stm32cube.ide.mcu.externaltools.gnu-tools-for-stm32.13.3.rel1.win32_1.0.0.202411081344/tools/bin/../lib/gcc/arm-none-eabi/13.3.1/thumb/v6-m/nofp/crtn.o
START GROUP
LOAD C:/ST/STM32CubeIDE_1.19.0/STM32CubeIDE/plugins/com.st.stm32cube.ide.mcu.externaltools.gnu-tools-for-stm32.13.3.rel1.win32_1.0.0.202411081344/tools/bin/../lib/gcc/arm-none-eabi/13.3.1/../../../../arm-none-eabi/lib/thumb/v6-m/nofp\libnosys.a
END GROUP
OUTPUT(nucleo-u083rc.elf elf32-littlearm)
LOAD linker stubs
LOAD C:/ST/STM32CubeIDE_1.19.0/STM32CubeIDE/plugins/com.st.stm32cube.ide.mcu.externaltools.gnu-tools-for-stm32.13.3.rel1.win32_1.0.0.202411081344/tools/bin/../lib/gcc/arm-none-eabi/13.3.1/../../../../arm-none-eabi/lib/thumb/v6-m/nofp\libc.a
LOAD C:/ST/STM32CubeIDE_1.19.0/STM32CubeIDE/plugins/com.st.stm32cube.ide.mcu.externaltools.gnu-tools-for-stm32.13.3.rel1.win32_1.0.0.202411081344/tools/bin/../lib/gcc/arm-none-eabi/13.3.1/../../../../arm-none-eabi/lib/thumb/v6-m/nofp\libm.a
LOAD C:/ST/STM32CubeIDE_1.19.0/STM32CubeIDE/plugins/com.st.stm32cube.ide.mcu.externaltools.gnu-tools-for-stm32.13.3.rel1.win32_1.0.0.202411081344/tools/bin/../lib/gcc/arm-none-eabi/13.3.1/thumb/v6-m/nofp\libgcc.a

.comment        0x00000000       0x43
 .comment       0x00000000       0x43 CMakeFiles/nucleo-u083rc.elf.dir/BSP/Drivers/BSP/STM32U0xx_Nucleo/stm32u0xx_nucleo.c.obj
                                 0x44 (size before relaxing)
 .comment       0x00000043       0x44 CMakeFiles/nucleo-u083rc.elf.dir/BSP/Drivers/STM32U0xx_HAL_Driver/Src/stm32u0xx_hal.c.obj
 .comment       0x00000043       0x44 CMakeFiles/nucleo-u083rc.elf.dir/BSP/Drivers/STM32U0xx_HAL_Driver/Src/stm32u0xx_hal_cortex.c.obj
 .comment       0x00000043       0x44 CMakeFiles/nucleo-u083rc.elf.dir/BSP/Drivers/STM32U0xx_HAL_Driver/Src/stm32u0xx_hal_exti.c.obj
 .comment       0x00000043       0x44 CMakeFiles/nucleo-u083rc.elf.dir/BSP/Drivers/STM32U0xx_HAL_Driver/Src/stm32u0xx_hal_gpio.c.obj
 .comment       0x00000043       0x44 CMakeFiles/nucleo-u083rc.elf.dir/BSP/Drivers/STM32U0xx_HAL_Driver/Src/stm32u0xx_hal_pwr_ex.c.obj
 .comment       0x00000043       0x44 CMakeFiles/nucleo-u083rc.elf.dir/BSP/Drivers/STM32U0xx_HAL_Driver/Src/stm32u0xx_hal_rcc.c.obj
 .comment       0x00000043       0x44 CMakeFiles/nucleo-u083rc.elf.dir/BSP/Drivers/STM32U0xx_HAL_Driver/Src/stm32u0xx_hal_rcc_ex.c.obj
 .comment       0x00000043       0x44 CMakeFiles/nucleo-u083rc.elf.dir/BSP/Drivers/STM32U0xx_HAL_Driver/Src/stm32u0xx_hal_uart.c.obj
 .comment       0x00000043       0x44 CMakeFiles/nucleo-u083rc.elf.dir/BSP/Src/main.c.obj
 .comment       0x00000043       0x44 CMakeFiles/nucleo-u083rc.elf.dir/BSP/Src/stm32u0xx_hal_msp.c.obj
 .comment       0x00000043       0x44 CMakeFiles/nucleo-u083rc.elf.dir/BSP/Src/stm32u0xx_it.c.obj
 .comment       0x00000043       0x44 CMakeFiles/nucleo-u083rc.elf.dir/BSP/Src/system_stm32u0xx.c.obj

.debug_frame    0x00000000       0xa8
 .debug_frame   0x00000000       0x20 C:/ST/STM32CubeIDE_1.19.0/STM32CubeIDE/plugins/com.st.stm32cube.ide.mcu.externaltools.gnu-tools-for-stm32.13.3.rel1.win32_1.0.0.202411081344/tools/bin/../lib/gcc/arm-none-eabi/13.3.1/../../../../arm-none-eabi/lib/thumb/v6-m/nofp\libc_nano.a(libc_a-memset.o)
 .debug_frame   0x00000020       0x2c C:/ST/STM32CubeIDE_1.19.0/STM32CubeIDE/plugins/com.st.stm32cube.ide.mcu.externaltools.gnu-tools-for-stm32.13.3.rel1.win32_1.0.0.202411081344/tools/bin/../lib/gcc/arm-none-eabi/13.3.1/../../../../arm-none-eabi/lib/thumb/v6-m/nofp\libc_nano.a(libc_a-init.o)
 .debug_frame   0x0000004c       0x20 C:/ST/STM32CubeIDE_1.19.0/STM32CubeIDE/plugins/com.st.stm32cube.ide.mcu.externaltools.gnu-tools-for-stm32.13.3.rel1.win32_1.0.0.202411081344/tools/bin/../lib/gcc/arm-none-eabi/13.3.1/thumb/v6-m/nofp\libgcc.a(_udivsi3.o)
 .debug_frame   0x0000006c       0x3c C:/ST/STM32CubeIDE_1.19.0/STM32CubeIDE/plugins/com.st.stm32cube.ide.mcu.externaltools.gnu-tools-for-stm32.13.3.rel1.win32_1.0.0.202411081344/tools/bin/../lib/gcc/arm-none-eabi/13.3.1/thumb/v6-m/nofp\libgcc.a(_udivmoddi4.o)

Cross Reference Table

Symbol                                            File
ADC_COMP1_2_IRQHandler                            CMakeFiles/nucleo-u083rc.elf.dir/BSP/startup_stm32u083xx.s.obj
AHBPrescTable                                     CMakeFiles/nucleo-u083rc.elf.dir/BSP/Src/system_stm32u0xx.c.obj
                                                  CMakeFiles/nucleo-u083rc.elf.dir/BSP/Drivers/STM32U0xx_HAL_Driver/Src/stm32u0xx_hal_rcc.c.obj
APBPrescTable                                     CMakeFiles/nucleo-u083rc.elf.dir/BSP/Src/system_stm32u0xx.c.obj
                                                  CMakeFiles/nucleo-u083rc.elf.dir/BSP/Drivers/STM32U0xx_HAL_Driver/Src/stm32u0xx_hal_rcc.c.obj
BSP_COM_DeInit                                    CMakeFiles/nucleo-u083rc.elf.dir/BSP/Drivers/BSP/STM32U0xx_Nucleo/stm32u0xx_nucleo.c.obj
BSP_COM_Init                                      CMakeFiles/nucleo-u083rc.elf.dir/BSP/Drivers/BSP/STM32U0xx_Nucleo/stm32u0xx_nucleo.c.obj
                                                  CMakeFiles/nucleo-u083rc.elf.dir/BSP/Src/main.c.obj
BSP_COM_SelectLogPort                             CMakeFiles/nucleo-u083rc.elf.dir/BSP/Drivers/BSP/STM32U0xx_Nucleo/stm32u0xx_nucleo.c.obj
BSP_GetBoardID                                    CMakeFiles/nucleo-u083rc.elf.dir/BSP/Drivers/BSP/STM32U0xx_Nucleo/stm32u0xx_nucleo.c.obj
BSP_GetBoardName                                  CMakeFiles/nucleo-u083rc.elf.dir/BSP/Drivers/BSP/STM32U0xx_Nucleo/stm32u0xx_nucleo.c.obj
BSP_GetVersion                                    CMakeFiles/nucleo-u083rc.elf.dir/BSP/Drivers/BSP/STM32U0xx_Nucleo/stm32u0xx_nucleo.c.obj
BSP_LED_DeInit                                    CMakeFiles/nucleo-u083rc.elf.dir/BSP/Drivers/BSP/STM32U0xx_Nucleo/stm32u0xx_nucleo.c.obj
BSP_LED_GetState                                  CMakeFiles/nucleo-u083rc.elf.dir/BSP/Drivers/BSP/STM32U0xx_Nucleo/stm32u0xx_nucleo.c.obj
BSP_LED_Init                                      CMakeFiles/nucleo-u083rc.elf.dir/BSP/Drivers/BSP/STM32U0xx_Nucleo/stm32u0xx_nucleo.c.obj
                                                  CMakeFiles/nucleo-u083rc.elf.dir/BSP/Src/main.c.obj
BSP_LED_Off                                       CMakeFiles/nucleo-u083rc.elf.dir/BSP/Drivers/BSP/STM32U0xx_Nucleo/stm32u0xx_nucleo.c.obj
BSP_LED_On                                        CMakeFiles/nucleo-u083rc.elf.dir/BSP/Drivers/BSP/STM32U0xx_Nucleo/stm32u0xx_nucleo.c.obj
BSP_LED_Toggle                                    CMakeFiles/nucleo-u083rc.elf.dir/BSP/Drivers/BSP/STM32U0xx_Nucleo/stm32u0xx_nucleo.c.obj
BSP_PB_Callback                                   CMakeFiles/nucleo-u083rc.elf.dir/BSP/Drivers/BSP/STM32U0xx_Nucleo/stm32u0xx_nucleo.c.obj
BSP_PB_DeInit                                     CMakeFiles/nucleo-u083rc.elf.dir/BSP/Drivers/BSP/STM32U0xx_Nucleo/stm32u0xx_nucleo.c.obj
BSP_PB_GetState                                   CMakeFiles/nucleo-u083rc.elf.dir/BSP/Drivers/BSP/STM32U0xx_Nucleo/stm32u0xx_nucleo.c.obj
BSP_PB_IRQHandler                                 CMakeFiles/nucleo-u083rc.elf.dir/BSP/Drivers/BSP/STM32U0xx_Nucleo/stm32u0xx_nucleo.c.obj
                                                  CMakeFiles/nucleo-u083rc.elf.dir/BSP/Src/stm32u0xx_it.c.obj
BSP_PB_Init                                       CMakeFiles/nucleo-u083rc.elf.dir/BSP/Drivers/BSP/STM32U0xx_Nucleo/stm32u0xx_nucleo.c.obj
                                                  CMakeFiles/nucleo-u083rc.elf.dir/BSP/Src/main.c.obj
BspCOMInit                                        CMakeFiles/nucleo-u083rc.elf.dir/BSP/Src/main.c.obj
COM_USART                                         CMakeFiles/nucleo-u083rc.elf.dir/BSP/Drivers/BSP/STM32U0xx_Nucleo/stm32u0xx_nucleo.c.obj
DMA1_Ch4_7_DMA2_Ch1_5_DMAMUX_OVR_IRQHandler       CMakeFiles/nucleo-u083rc.elf.dir/BSP/startup_stm32u083xx.s.obj
DMA1_Channel1_IRQHandler                          CMakeFiles/nucleo-u083rc.elf.dir/BSP/startup_stm32u083xx.s.obj
DMA1_Channel2_3_IRQHandler                        CMakeFiles/nucleo-u083rc.elf.dir/BSP/startup_stm32u083xx.s.obj
Default_Handler                                   CMakeFiles/nucleo-u083rc.elf.dir/BSP/startup_stm32u083xx.s.obj
EXTI0_1_IRQHandler                                CMakeFiles/nucleo-u083rc.elf.dir/BSP/startup_stm32u083xx.s.obj
EXTI2_3_IRQHandler                                CMakeFiles/nucleo-u083rc.elf.dir/BSP/startup_stm32u083xx.s.obj
EXTI4_15_IRQHandler                               CMakeFiles/nucleo-u083rc.elf.dir/BSP/Src/stm32u0xx_it.c.obj
Error_Handler                                     CMakeFiles/nucleo-u083rc.elf.dir/BSP/Src/main.c.obj
FLASH_ECC_IRQHandler                              CMakeFiles/nucleo-u083rc.elf.dir/BSP/startup_stm32u083xx.s.obj
FLASH_FlushCaches                                 CMakeFiles/nucleo-u083rc.elf.dir/BSP/Drivers/STM32U0xx_HAL_Driver/Src/stm32u0xx_hal_flash_ex.c.obj
FLASH_PageErase                                   CMakeFiles/nucleo-u083rc.elf.dir/BSP/Drivers/STM32U0xx_HAL_Driver/Src/stm32u0xx_hal_flash_ex.c.obj
                                                  CMakeFiles/nucleo-u083rc.elf.dir/BSP/Drivers/STM32U0xx_HAL_Driver/Src/stm32u0xx_hal_flash.c.obj
FLASH_WaitForLastOperation                        CMakeFiles/nucleo-u083rc.elf.dir/BSP/Drivers/STM32U0xx_HAL_Driver/Src/stm32u0xx_hal_flash.c.obj
                                                  CMakeFiles/nucleo-u083rc.elf.dir/BSP/Drivers/STM32U0xx_HAL_Driver/Src/stm32u0xx_hal_flash_ex.c.obj
HAL_DBGMCU_DisableDBGStandbyMode                  CMakeFiles/nucleo-u083rc.elf.dir/BSP/Drivers/STM32U0xx_HAL_Driver/Src/stm32u0xx_hal.c.obj
HAL_DBGMCU_DisableDBGStopMode                     CMakeFiles/nucleo-u083rc.elf.dir/BSP/Drivers/STM32U0xx_HAL_Driver/Src/stm32u0xx_hal.c.obj
HAL_DBGMCU_EnableDBGStandbyMode                   CMakeFiles/nucleo-u083rc.elf.dir/BSP/Drivers/STM32U0xx_HAL_Driver/Src/stm32u0xx_hal.c.obj
HAL_DBGMCU_EnableDBGStopMode                      CMakeFiles/nucleo-u083rc.elf.dir/BSP/Drivers/STM32U0xx_HAL_Driver/Src/stm32u0xx_hal.c.obj
HAL_DMAEx_ConfigMuxRequestGenerator               CMakeFiles/nucleo-u083rc.elf.dir/BSP/Drivers/STM32U0xx_HAL_Driver/Src/stm32u0xx_hal_dma_ex.c.obj
HAL_DMAEx_ConfigMuxSync                           CMakeFiles/nucleo-u083rc.elf.dir/BSP/Drivers/STM32U0xx_HAL_Driver/Src/stm32u0xx_hal_dma_ex.c.obj
HAL_DMAEx_DisableMuxRequestGenerator              CMakeFiles/nucleo-u083rc.elf.dir/BSP/Drivers/STM32U0xx_HAL_Driver/Src/stm32u0xx_hal_dma_ex.c.obj
HAL_DMAEx_EnableMuxRequestGenerator               CMakeFiles/nucleo-u083rc.elf.dir/BSP/Drivers/STM32U0xx_HAL_Driver/Src/stm32u0xx_hal_dma_ex.c.obj
HAL_DMAEx_MUX_IRQHandler                          CMakeFiles/nucleo-u083rc.elf.dir/BSP/Drivers/STM32U0xx_HAL_Driver/Src/stm32u0xx_hal_dma_ex.c.obj
HAL_DMA_Abort                                     CMakeFiles/nucleo-u083rc.elf.dir/BSP/Drivers/STM32U0xx_HAL_Driver/Src/stm32u0xx_hal_dma.c.obj
                                                  CMakeFiles/nucleo-u083rc.elf.dir/BSP/Drivers/STM32U0xx_HAL_Driver/Src/stm32u0xx_hal_uart.c.obj
HAL_DMA_Abort_IT                                  CMakeFiles/nucleo-u083rc.elf.dir/BSP/Drivers/STM32U0xx_HAL_Driver/Src/stm32u0xx_hal_dma.c.obj
                                                  CMakeFiles/nucleo-u083rc.elf.dir/BSP/Drivers/STM32U0xx_HAL_Driver/Src/stm32u0xx_hal_uart.c.obj
HAL_DMA_DeInit                                    CMakeFiles/nucleo-u083rc.elf.dir/BSP/Drivers/STM32U0xx_HAL_Driver/Src/stm32u0xx_hal_dma.c.obj
HAL_DMA_GetError                                  CMakeFiles/nucleo-u083rc.elf.dir/BSP/Drivers/STM32U0xx_HAL_Driver/Src/stm32u0xx_hal_dma.c.obj
                                                  CMakeFiles/nucleo-u083rc.elf.dir/BSP/Drivers/STM32U0xx_HAL_Driver/Src/stm32u0xx_hal_uart.c.obj
HAL_DMA_GetState                                  CMakeFiles/nucleo-u083rc.elf.dir/BSP/Drivers/STM32U0xx_HAL_Driver/Src/stm32u0xx_hal_dma.c.obj
HAL_DMA_IRQHandler                                CMakeFiles/nucleo-u083rc.elf.dir/BSP/Drivers/STM32U0xx_HAL_Driver/Src/stm32u0xx_hal_dma.c.obj
HAL_DMA_Init                                      CMakeFiles/nucleo-u083rc.elf.dir/BSP/Drivers/STM32U0xx_HAL_Driver/Src/stm32u0xx_hal_dma.c.obj
HAL_DMA_PollForTransfer                           CMakeFiles/nucleo-u083rc.elf.dir/BSP/Drivers/STM32U0xx_HAL_Driver/Src/stm32u0xx_hal_dma.c.obj
HAL_DMA_RegisterCallback                          CMakeFiles/nucleo-u083rc.elf.dir/BSP/Drivers/STM32U0xx_HAL_Driver/Src/stm32u0xx_hal_dma.c.obj
HAL_DMA_Start                                     CMakeFiles/nucleo-u083rc.elf.dir/BSP/Drivers/STM32U0xx_HAL_Driver/Src/stm32u0xx_hal_dma.c.obj
HAL_DMA_Start_IT                                  CMakeFiles/nucleo-u083rc.elf.dir/BSP/Drivers/STM32U0xx_HAL_Driver/Src/stm32u0xx_hal_dma.c.obj
                                                  CMakeFiles/nucleo-u083rc.elf.dir/BSP/Drivers/STM32U0xx_HAL_Driver/Src/stm32u0xx_hal_uart.c.obj
HAL_DMA_UnRegisterCallback                        CMakeFiles/nucleo-u083rc.elf.dir/BSP/Drivers/STM32U0xx_HAL_Driver/Src/stm32u0xx_hal_dma.c.obj
HAL_DeInit                                        CMakeFiles/nucleo-u083rc.elf.dir/BSP/Drivers/STM32U0xx_HAL_Driver/Src/stm32u0xx_hal.c.obj
HAL_Delay                                         CMakeFiles/nucleo-u083rc.elf.dir/BSP/Drivers/STM32U0xx_HAL_Driver/Src/stm32u0xx_hal.c.obj
HAL_EXTI_ClearConfigLine                          CMakeFiles/nucleo-u083rc.elf.dir/BSP/Drivers/STM32U0xx_HAL_Driver/Src/stm32u0xx_hal_exti.c.obj
HAL_EXTI_ClearPending                             CMakeFiles/nucleo-u083rc.elf.dir/BSP/Drivers/STM32U0xx_HAL_Driver/Src/stm32u0xx_hal_exti.c.obj
HAL_EXTI_GenerateSWI                              CMakeFiles/nucleo-u083rc.elf.dir/BSP/Drivers/STM32U0xx_HAL_Driver/Src/stm32u0xx_hal_exti.c.obj
HAL_EXTI_GetConfigLine                            CMakeFiles/nucleo-u083rc.elf.dir/BSP/Drivers/STM32U0xx_HAL_Driver/Src/stm32u0xx_hal_exti.c.obj
HAL_EXTI_GetHandle                                CMakeFiles/nucleo-u083rc.elf.dir/BSP/Drivers/STM32U0xx_HAL_Driver/Src/stm32u0xx_hal_exti.c.obj
                                                  CMakeFiles/nucleo-u083rc.elf.dir/BSP/Drivers/BSP/STM32U0xx_Nucleo/stm32u0xx_nucleo.c.obj
HAL_EXTI_GetPending                               CMakeFiles/nucleo-u083rc.elf.dir/BSP/Drivers/STM32U0xx_HAL_Driver/Src/stm32u0xx_hal_exti.c.obj
HAL_EXTI_IRQHandler                               CMakeFiles/nucleo-u083rc.elf.dir/BSP/Drivers/STM32U0xx_HAL_Driver/Src/stm32u0xx_hal_exti.c.obj
                                                  CMakeFiles/nucleo-u083rc.elf.dir/BSP/Drivers/BSP/STM32U0xx_Nucleo/stm32u0xx_nucleo.c.obj
HAL_EXTI_RegisterCallback                         CMakeFiles/nucleo-u083rc.elf.dir/BSP/Drivers/STM32U0xx_HAL_Driver/Src/stm32u0xx_hal_exti.c.obj
                                                  CMakeFiles/nucleo-u083rc.elf.dir/BSP/Drivers/BSP/STM32U0xx_Nucleo/stm32u0xx_nucleo.c.obj
HAL_EXTI_SetConfigLine                            CMakeFiles/nucleo-u083rc.elf.dir/BSP/Drivers/STM32U0xx_HAL_Driver/Src/stm32u0xx_hal_exti.c.obj
HAL_FLASHEx_ConfigHDPExtension                    CMakeFiles/nucleo-u083rc.elf.dir/BSP/Drivers/STM32U0xx_HAL_Driver/Src/stm32u0xx_hal_flash_ex.c.obj
HAL_FLASHEx_DisableDebugger                       CMakeFiles/nucleo-u083rc.elf.dir/BSP/Drivers/STM32U0xx_HAL_Driver/Src/stm32u0xx_hal_flash_ex.c.obj
HAL_FLASHEx_EnableDebugger                        CMakeFiles/nucleo-u083rc.elf.dir/BSP/Drivers/STM32U0xx_HAL_Driver/Src/stm32u0xx_hal_flash_ex.c.obj
HAL_FLASHEx_EnableHDPProtection                   CMakeFiles/nucleo-u083rc.elf.dir/BSP/Drivers/STM32U0xx_HAL_Driver/Src/stm32u0xx_hal_flash_ex.c.obj
HAL_FLASHEx_Erase                                 CMakeFiles/nucleo-u083rc.elf.dir/BSP/Drivers/STM32U0xx_HAL_Driver/Src/stm32u0xx_hal_flash_ex.c.obj
HAL_FLASHEx_Erase_IT                              CMakeFiles/nucleo-u083rc.elf.dir/BSP/Drivers/STM32U0xx_HAL_Driver/Src/stm32u0xx_hal_flash_ex.c.obj
HAL_FLASHEx_FlashEmptyCheck                       CMakeFiles/nucleo-u083rc.elf.dir/BSP/Drivers/STM32U0xx_HAL_Driver/Src/stm32u0xx_hal_flash_ex.c.obj
HAL_FLASHEx_ForceFlashEmpty                       CMakeFiles/nucleo-u083rc.elf.dir/BSP/Drivers/STM32U0xx_HAL_Driver/Src/stm32u0xx_hal_flash_ex.c.obj
HAL_FLASHEx_GetHDPExtensionConfig                 CMakeFiles/nucleo-u083rc.elf.dir/BSP/Drivers/STM32U0xx_HAL_Driver/Src/stm32u0xx_hal_flash_ex.c.obj
HAL_FLASHEx_IsEnabledHDPProtection                CMakeFiles/nucleo-u083rc.elf.dir/BSP/Drivers/STM32U0xx_HAL_Driver/Src/stm32u0xx_hal_flash_ex.c.obj
HAL_FLASHEx_OBGetConfig                           CMakeFiles/nucleo-u083rc.elf.dir/BSP/Drivers/STM32U0xx_HAL_Driver/Src/stm32u0xx_hal_flash_ex.c.obj
HAL_FLASHEx_OBProgram                             CMakeFiles/nucleo-u083rc.elf.dir/BSP/Drivers/STM32U0xx_HAL_Driver/Src/stm32u0xx_hal_flash_ex.c.obj
HAL_FLASH_EndOfOperationCallback                  CMakeFiles/nucleo-u083rc.elf.dir/BSP/Drivers/STM32U0xx_HAL_Driver/Src/stm32u0xx_hal_flash.c.obj
HAL_FLASH_GetError                                CMakeFiles/nucleo-u083rc.elf.dir/BSP/Drivers/STM32U0xx_HAL_Driver/Src/stm32u0xx_hal_flash.c.obj
HAL_FLASH_IRQHandler                              CMakeFiles/nucleo-u083rc.elf.dir/BSP/Drivers/STM32U0xx_HAL_Driver/Src/stm32u0xx_hal_flash.c.obj
HAL_FLASH_Lock                                    CMakeFiles/nucleo-u083rc.elf.dir/BSP/Drivers/STM32U0xx_HAL_Driver/Src/stm32u0xx_hal_flash.c.obj
HAL_FLASH_OB_GetOEMKeyCRC                         CMakeFiles/nucleo-u083rc.elf.dir/BSP/Drivers/STM32U0xx_HAL_Driver/Src/stm32u0xx_hal_flash_ex.c.obj
HAL_FLASH_OB_Launch                               CMakeFiles/nucleo-u083rc.elf.dir/BSP/Drivers/STM32U0xx_HAL_Driver/Src/stm32u0xx_hal_flash.c.obj
HAL_FLASH_OB_Lock                                 CMakeFiles/nucleo-u083rc.elf.dir/BSP/Drivers/STM32U0xx_HAL_Driver/Src/stm32u0xx_hal_flash.c.obj
HAL_FLASH_OB_Unlock                               CMakeFiles/nucleo-u083rc.elf.dir/BSP/Drivers/STM32U0xx_HAL_Driver/Src/stm32u0xx_hal_flash.c.obj
HAL_FLASH_OperationErrorCallback                  CMakeFiles/nucleo-u083rc.elf.dir/BSP/Drivers/STM32U0xx_HAL_Driver/Src/stm32u0xx_hal_flash.c.obj
HAL_FLASH_Program                                 CMakeFiles/nucleo-u083rc.elf.dir/BSP/Drivers/STM32U0xx_HAL_Driver/Src/stm32u0xx_hal_flash.c.obj
HAL_FLASH_Program_IT                              CMakeFiles/nucleo-u083rc.elf.dir/BSP/Drivers/STM32U0xx_HAL_Driver/Src/stm32u0xx_hal_flash.c.obj
HAL_FLASH_Unlock                                  CMakeFiles/nucleo-u083rc.elf.dir/BSP/Drivers/STM32U0xx_HAL_Driver/Src/stm32u0xx_hal_flash.c.obj
HAL_GPIO_DeInit                                   CMakeFiles/nucleo-u083rc.elf.dir/BSP/Drivers/STM32U0xx_HAL_Driver/Src/stm32u0xx_hal_gpio.c.obj
                                                  CMakeFiles/nucleo-u083rc.elf.dir/BSP/Drivers/BSP/STM32U0xx_Nucleo/stm32u0xx_nucleo.c.obj
HAL_GPIO_EXTI_Falling_Callback                    CMakeFiles/nucleo-u083rc.elf.dir/BSP/Drivers/STM32U0xx_HAL_Driver/Src/stm32u0xx_hal_gpio.c.obj
HAL_GPIO_EXTI_IRQHandler                          CMakeFiles/nucleo-u083rc.elf.dir/BSP/Drivers/STM32U0xx_HAL_Driver/Src/stm32u0xx_hal_gpio.c.obj
HAL_GPIO_EXTI_Rising_Callback                     CMakeFiles/nucleo-u083rc.elf.dir/BSP/Drivers/STM32U0xx_HAL_Driver/Src/stm32u0xx_hal_gpio.c.obj
HAL_GPIO_Init                                     CMakeFiles/nucleo-u083rc.elf.dir/BSP/Drivers/STM32U0xx_HAL_Driver/Src/stm32u0xx_hal_gpio.c.obj
                                                  CMakeFiles/nucleo-u083rc.elf.dir/BSP/Src/main.c.obj
                                                  CMakeFiles/nucleo-u083rc.elf.dir/BSP/Drivers/STM32U0xx_HAL_Driver/Src/stm32u0xx_hal_rcc_ex.c.obj
                                                  CMakeFiles/nucleo-u083rc.elf.dir/BSP/Drivers/STM32U0xx_HAL_Driver/Src/stm32u0xx_hal_rcc.c.obj
                                                  CMakeFiles/nucleo-u083rc.elf.dir/BSP/Drivers/BSP/STM32U0xx_Nucleo/stm32u0xx_nucleo.c.obj
HAL_GPIO_LockPin                                  CMakeFiles/nucleo-u083rc.elf.dir/BSP/Drivers/STM32U0xx_HAL_Driver/Src/stm32u0xx_hal_gpio.c.obj
HAL_GPIO_ReadPin                                  CMakeFiles/nucleo-u083rc.elf.dir/BSP/Drivers/STM32U0xx_HAL_Driver/Src/stm32u0xx_hal_gpio.c.obj
                                                  CMakeFiles/nucleo-u083rc.elf.dir/BSP/Drivers/BSP/STM32U0xx_Nucleo/stm32u0xx_nucleo.c.obj
HAL_GPIO_TogglePin                                CMakeFiles/nucleo-u083rc.elf.dir/BSP/Drivers/STM32U0xx_HAL_Driver/Src/stm32u0xx_hal_gpio.c.obj
                                                  CMakeFiles/nucleo-u083rc.elf.dir/BSP/Src/main.c.obj
                                                  CMakeFiles/nucleo-u083rc.elf.dir/BSP/Drivers/BSP/STM32U0xx_Nucleo/stm32u0xx_nucleo.c.obj
HAL_GPIO_WritePin                                 CMakeFiles/nucleo-u083rc.elf.dir/BSP/Drivers/STM32U0xx_HAL_Driver/Src/stm32u0xx_hal_gpio.c.obj
                                                  CMakeFiles/nucleo-u083rc.elf.dir/BSP/Drivers/BSP/STM32U0xx_Nucleo/stm32u0xx_nucleo.c.obj
HAL_GetDEVID                                      CMakeFiles/nucleo-u083rc.elf.dir/BSP/Drivers/STM32U0xx_HAL_Driver/Src/stm32u0xx_hal.c.obj
HAL_GetHalVersion                                 CMakeFiles/nucleo-u083rc.elf.dir/BSP/Drivers/STM32U0xx_HAL_Driver/Src/stm32u0xx_hal.c.obj
HAL_GetREVID                                      CMakeFiles/nucleo-u083rc.elf.dir/BSP/Drivers/STM32U0xx_HAL_Driver/Src/stm32u0xx_hal.c.obj
HAL_GetTick                                       CMakeFiles/nucleo-u083rc.elf.dir/BSP/Drivers/STM32U0xx_HAL_Driver/Src/stm32u0xx_hal.c.obj
                                                  CMakeFiles/nucleo-u083rc.elf.dir/BSP/Drivers/STM32U0xx_HAL_Driver/Src/stm32u0xx_hal_uart_ex.c.obj
                                                  CMakeFiles/nucleo-u083rc.elf.dir/BSP/Drivers/STM32U0xx_HAL_Driver/Src/stm32u0xx_hal_uart.c.obj
                                                  CMakeFiles/nucleo-u083rc.elf.dir/BSP/Drivers/STM32U0xx_HAL_Driver/Src/stm32u0xx_hal_rcc_ex.c.obj
                                                  CMakeFiles/nucleo-u083rc.elf.dir/BSP/Drivers/STM32U0xx_HAL_Driver/Src/stm32u0xx_hal_rcc.c.obj
                                                  CMakeFiles/nucleo-u083rc.elf.dir/BSP/Drivers/STM32U0xx_HAL_Driver/Src/stm32u0xx_hal_flash.c.obj
                                                  CMakeFiles/nucleo-u083rc.elf.dir/BSP/Drivers/STM32U0xx_HAL_Driver/Src/stm32u0xx_hal_dma.c.obj
HAL_GetTickFreq                                   CMakeFiles/nucleo-u083rc.elf.dir/BSP/Drivers/STM32U0xx_HAL_Driver/Src/stm32u0xx_hal.c.obj
HAL_GetTickPrio                                   CMakeFiles/nucleo-u083rc.elf.dir/BSP/Drivers/STM32U0xx_HAL_Driver/Src/stm32u0xx_hal.c.obj
HAL_GetUIDw0                                      CMakeFiles/nucleo-u083rc.elf.dir/BSP/Drivers/STM32U0xx_HAL_Driver/Src/stm32u0xx_hal.c.obj
HAL_GetUIDw1                                      CMakeFiles/nucleo-u083rc.elf.dir/BSP/Drivers/STM32U0xx_HAL_Driver/Src/stm32u0xx_hal.c.obj
HAL_GetUIDw2                                      CMakeFiles/nucleo-u083rc.elf.dir/BSP/Drivers/STM32U0xx_HAL_Driver/Src/stm32u0xx_hal.c.obj
HAL_HalfDuplex_EnableReceiver                     CMakeFiles/nucleo-u083rc.elf.dir/BSP/Drivers/STM32U0xx_HAL_Driver/Src/stm32u0xx_hal_uart.c.obj
HAL_HalfDuplex_EnableTransmitter                  CMakeFiles/nucleo-u083rc.elf.dir/BSP/Drivers/STM32U0xx_HAL_Driver/Src/stm32u0xx_hal_uart.c.obj
HAL_HalfDuplex_Init                               CMakeFiles/nucleo-u083rc.elf.dir/BSP/Drivers/STM32U0xx_HAL_Driver/Src/stm32u0xx_hal_uart.c.obj
HAL_IncTick                                       CMakeFiles/nucleo-u083rc.elf.dir/BSP/Drivers/STM32U0xx_HAL_Driver/Src/stm32u0xx_hal.c.obj
                                                  CMakeFiles/nucleo-u083rc.elf.dir/BSP/Src/stm32u0xx_it.c.obj
HAL_Init                                          CMakeFiles/nucleo-u083rc.elf.dir/BSP/Drivers/STM32U0xx_HAL_Driver/Src/stm32u0xx_hal.c.obj
                                                  CMakeFiles/nucleo-u083rc.elf.dir/BSP/Src/main.c.obj
HAL_InitTick                                      CMakeFiles/nucleo-u083rc.elf.dir/BSP/Drivers/STM32U0xx_HAL_Driver/Src/stm32u0xx_hal.c.obj
                                                  CMakeFiles/nucleo-u083rc.elf.dir/BSP/Drivers/STM32U0xx_HAL_Driver/Src/stm32u0xx_hal_rcc.c.obj
HAL_LIN_Init                                      CMakeFiles/nucleo-u083rc.elf.dir/BSP/Drivers/STM32U0xx_HAL_Driver/Src/stm32u0xx_hal_uart.c.obj
HAL_LIN_SendBreak                                 CMakeFiles/nucleo-u083rc.elf.dir/BSP/Drivers/STM32U0xx_HAL_Driver/Src/stm32u0xx_hal_uart.c.obj
HAL_MPU_ConfigRegion                              CMakeFiles/nucleo-u083rc.elf.dir/BSP/Drivers/STM32U0xx_HAL_Driver/Src/stm32u0xx_hal_cortex.c.obj
HAL_MPU_Disable                                   CMakeFiles/nucleo-u083rc.elf.dir/BSP/Drivers/STM32U0xx_HAL_Driver/Src/stm32u0xx_hal_cortex.c.obj
HAL_MPU_DisableRegion                             CMakeFiles/nucleo-u083rc.elf.dir/BSP/Drivers/STM32U0xx_HAL_Driver/Src/stm32u0xx_hal_cortex.c.obj
HAL_MPU_Enable                                    CMakeFiles/nucleo-u083rc.elf.dir/BSP/Drivers/STM32U0xx_HAL_Driver/Src/stm32u0xx_hal_cortex.c.obj
HAL_MPU_EnableRegion                              CMakeFiles/nucleo-u083rc.elf.dir/BSP/Drivers/STM32U0xx_HAL_Driver/Src/stm32u0xx_hal_cortex.c.obj
HAL_MspDeInit                                     CMakeFiles/nucleo-u083rc.elf.dir/BSP/Drivers/STM32U0xx_HAL_Driver/Src/stm32u0xx_hal.c.obj
HAL_MspInit                                       CMakeFiles/nucleo-u083rc.elf.dir/BSP/Src/stm32u0xx_hal_msp.c.obj
                                                  CMakeFiles/nucleo-u083rc.elf.dir/BSP/Drivers/STM32U0xx_HAL_Driver/Src/stm32u0xx_hal.c.obj
HAL_MultiProcessorEx_AddressLength_Set            CMakeFiles/nucleo-u083rc.elf.dir/BSP/Drivers/STM32U0xx_HAL_Driver/Src/stm32u0xx_hal_uart_ex.c.obj
HAL_MultiProcessor_DisableMuteMode                CMakeFiles/nucleo-u083rc.elf.dir/BSP/Drivers/STM32U0xx_HAL_Driver/Src/stm32u0xx_hal_uart.c.obj
HAL_MultiProcessor_EnableMuteMode                 CMakeFiles/nucleo-u083rc.elf.dir/BSP/Drivers/STM32U0xx_HAL_Driver/Src/stm32u0xx_hal_uart.c.obj
HAL_MultiProcessor_EnterMuteMode                  CMakeFiles/nucleo-u083rc.elf.dir/BSP/Drivers/STM32U0xx_HAL_Driver/Src/stm32u0xx_hal_uart.c.obj
HAL_MultiProcessor_Init                           CMakeFiles/nucleo-u083rc.elf.dir/BSP/Drivers/STM32U0xx_HAL_Driver/Src/stm32u0xx_hal_uart.c.obj
HAL_NVIC_ClearPendingIRQ                          CMakeFiles/nucleo-u083rc.elf.dir/BSP/Drivers/STM32U0xx_HAL_Driver/Src/stm32u0xx_hal_cortex.c.obj
HAL_NVIC_DisableIRQ                               CMakeFiles/nucleo-u083rc.elf.dir/BSP/Drivers/STM32U0xx_HAL_Driver/Src/stm32u0xx_hal_cortex.c.obj
                                                  CMakeFiles/nucleo-u083rc.elf.dir/BSP/Drivers/BSP/STM32U0xx_Nucleo/stm32u0xx_nucleo.c.obj
HAL_NVIC_EnableIRQ                                CMakeFiles/nucleo-u083rc.elf.dir/BSP/Drivers/STM32U0xx_HAL_Driver/Src/stm32u0xx_hal_cortex.c.obj
                                                  CMakeFiles/nucleo-u083rc.elf.dir/BSP/Drivers/BSP/STM32U0xx_Nucleo/stm32u0xx_nucleo.c.obj
HAL_NVIC_GetPendingIRQ                            CMakeFiles/nucleo-u083rc.elf.dir/BSP/Drivers/STM32U0xx_HAL_Driver/Src/stm32u0xx_hal_cortex.c.obj
HAL_NVIC_GetPriority                              CMakeFiles/nucleo-u083rc.elf.dir/BSP/Drivers/STM32U0xx_HAL_Driver/Src/stm32u0xx_hal_cortex.c.obj
HAL_NVIC_SetPendingIRQ                            CMakeFiles/nucleo-u083rc.elf.dir/BSP/Drivers/STM32U0xx_HAL_Driver/Src/stm32u0xx_hal_cortex.c.obj
HAL_NVIC_SetPriority                              CMakeFiles/nucleo-u083rc.elf.dir/BSP/Drivers/STM32U0xx_HAL_Driver/Src/stm32u0xx_hal_cortex.c.obj
                                                  CMakeFiles/nucleo-u083rc.elf.dir/BSP/Drivers/STM32U0xx_HAL_Driver/Src/stm32u0xx_hal.c.obj
                                                  CMakeFiles/nucleo-u083rc.elf.dir/BSP/Drivers/BSP/STM32U0xx_Nucleo/stm32u0xx_nucleo.c.obj
HAL_NVIC_SystemReset                              CMakeFiles/nucleo-u083rc.elf.dir/BSP/Drivers/STM32U0xx_HAL_Driver/Src/stm32u0xx_hal_cortex.c.obj
HAL_PWREx_ConfigPVM                               CMakeFiles/nucleo-u083rc.elf.dir/BSP/Drivers/STM32U0xx_HAL_Driver/Src/stm32u0xx_hal_pwr_ex.c.obj
HAL_PWREx_ControlVoltageScaling                   CMakeFiles/nucleo-u083rc.elf.dir/BSP/Drivers/STM32U0xx_HAL_Driver/Src/stm32u0xx_hal_pwr_ex.c.obj
                                                  CMakeFiles/nucleo-u083rc.elf.dir/BSP/Src/main.c.obj
HAL_PWREx_DisableBatteryCharging                  CMakeFiles/nucleo-u083rc.elf.dir/BSP/Drivers/STM32U0xx_HAL_Driver/Src/stm32u0xx_hal_pwr_ex.c.obj
HAL_PWREx_DisableFlashPowerDown                   CMakeFiles/nucleo-u083rc.elf.dir/BSP/Drivers/STM32U0xx_HAL_Driver/Src/stm32u0xx_hal_pwr_ex.c.obj
HAL_PWREx_DisableGPIOPullDown                     CMakeFiles/nucleo-u083rc.elf.dir/BSP/Drivers/STM32U0xx_HAL_Driver/Src/stm32u0xx_hal_pwr_ex.c.obj
HAL_PWREx_DisableGPIOPullUp                       CMakeFiles/nucleo-u083rc.elf.dir/BSP/Drivers/STM32U0xx_HAL_Driver/Src/stm32u0xx_hal_pwr_ex.c.obj
HAL_PWREx_DisableInternalWakeUpLine               CMakeFiles/nucleo-u083rc.elf.dir/BSP/Drivers/STM32U0xx_HAL_Driver/Src/stm32u0xx_hal_pwr_ex.c.obj
HAL_PWREx_DisableLowPowerRunMode                  CMakeFiles/nucleo-u083rc.elf.dir/BSP/Drivers/STM32U0xx_HAL_Driver/Src/stm32u0xx_hal_pwr_ex.c.obj
                                                  CMakeFiles/nucleo-u083rc.elf.dir/BSP/Drivers/STM32U0xx_HAL_Driver/Src/stm32u0xx_hal_pwr.c.obj
HAL_PWREx_DisablePVM1                             CMakeFiles/nucleo-u083rc.elf.dir/BSP/Drivers/STM32U0xx_HAL_Driver/Src/stm32u0xx_hal_pwr_ex.c.obj
HAL_PWREx_DisablePVM3                             CMakeFiles/nucleo-u083rc.elf.dir/BSP/Drivers/STM32U0xx_HAL_Driver/Src/stm32u0xx_hal_pwr_ex.c.obj
HAL_PWREx_DisablePVM4                             CMakeFiles/nucleo-u083rc.elf.dir/BSP/Drivers/STM32U0xx_HAL_Driver/Src/stm32u0xx_hal_pwr_ex.c.obj
HAL_PWREx_DisablePullUpPullDownConfig             CMakeFiles/nucleo-u083rc.elf.dir/BSP/Drivers/STM32U0xx_HAL_Driver/Src/stm32u0xx_hal_pwr_ex.c.obj
HAL_PWREx_DisableSRAMContentRetention             CMakeFiles/nucleo-u083rc.elf.dir/BSP/Drivers/STM32U0xx_HAL_Driver/Src/stm32u0xx_hal_pwr_ex.c.obj
HAL_PWREx_DisableUltraLowPowerMode                CMakeFiles/nucleo-u083rc.elf.dir/BSP/Drivers/STM32U0xx_HAL_Driver/Src/stm32u0xx_hal_pwr_ex.c.obj
HAL_PWREx_DisableVddUSB                           CMakeFiles/nucleo-u083rc.elf.dir/BSP/Drivers/STM32U0xx_HAL_Driver/Src/stm32u0xx_hal_pwr_ex.c.obj
HAL_PWREx_EnableBatteryCharging                   CMakeFiles/nucleo-u083rc.elf.dir/BSP/Drivers/STM32U0xx_HAL_Driver/Src/stm32u0xx_hal_pwr_ex.c.obj
HAL_PWREx_EnableFlashPowerDown                    CMakeFiles/nucleo-u083rc.elf.dir/BSP/Drivers/STM32U0xx_HAL_Driver/Src/stm32u0xx_hal_pwr_ex.c.obj
HAL_PWREx_EnableGPIOPullDown                      CMakeFiles/nucleo-u083rc.elf.dir/BSP/Drivers/STM32U0xx_HAL_Driver/Src/stm32u0xx_hal_pwr_ex.c.obj
HAL_PWREx_EnableGPIOPullUp                        CMakeFiles/nucleo-u083rc.elf.dir/BSP/Drivers/STM32U0xx_HAL_Driver/Src/stm32u0xx_hal_pwr_ex.c.obj
HAL_PWREx_EnableInternalWakeUpLine                CMakeFiles/nucleo-u083rc.elf.dir/BSP/Drivers/STM32U0xx_HAL_Driver/Src/stm32u0xx_hal_pwr_ex.c.obj
HAL_PWREx_EnableLowPowerRunMode                   CMakeFiles/nucleo-u083rc.elf.dir/BSP/Drivers/STM32U0xx_HAL_Driver/Src/stm32u0xx_hal_pwr_ex.c.obj
                                                  CMakeFiles/nucleo-u083rc.elf.dir/BSP/Drivers/STM32U0xx_HAL_Driver/Src/stm32u0xx_hal_pwr.c.obj
HAL_PWREx_EnablePVM1                              CMakeFiles/nucleo-u083rc.elf.dir/BSP/Drivers/STM32U0xx_HAL_Driver/Src/stm32u0xx_hal_pwr_ex.c.obj
HAL_PWREx_EnablePVM3                              CMakeFiles/nucleo-u083rc.elf.dir/BSP/Drivers/STM32U0xx_HAL_Driver/Src/stm32u0xx_hal_pwr_ex.c.obj
HAL_PWREx_EnablePVM4                              CMakeFiles/nucleo-u083rc.elf.dir/BSP/Drivers/STM32U0xx_HAL_Driver/Src/stm32u0xx_hal_pwr_ex.c.obj
HAL_PWREx_EnablePullUpPullDownConfig              CMakeFiles/nucleo-u083rc.elf.dir/BSP/Drivers/STM32U0xx_HAL_Driver/Src/stm32u0xx_hal_pwr_ex.c.obj
HAL_PWREx_EnableSRAMContentRetention              CMakeFiles/nucleo-u083rc.elf.dir/BSP/Drivers/STM32U0xx_HAL_Driver/Src/stm32u0xx_hal_pwr_ex.c.obj
HAL_PWREx_EnableUltraLowPowerMode                 CMakeFiles/nucleo-u083rc.elf.dir/BSP/Drivers/STM32U0xx_HAL_Driver/Src/stm32u0xx_hal_pwr_ex.c.obj
HAL_PWREx_EnableVddUSB                            CMakeFiles/nucleo-u083rc.elf.dir/BSP/Drivers/STM32U0xx_HAL_Driver/Src/stm32u0xx_hal_pwr_ex.c.obj
HAL_PWREx_EnterSTOP1Mode                          CMakeFiles/nucleo-u083rc.elf.dir/BSP/Drivers/STM32U0xx_HAL_Driver/Src/stm32u0xx_hal_pwr_ex.c.obj
HAL_PWREx_EnterSTOP2Mode                          CMakeFiles/nucleo-u083rc.elf.dir/BSP/Drivers/STM32U0xx_HAL_Driver/Src/stm32u0xx_hal_pwr_ex.c.obj
HAL_PWREx_GetVoltageRange                         CMakeFiles/nucleo-u083rc.elf.dir/BSP/Drivers/STM32U0xx_HAL_Driver/Src/stm32u0xx_hal_pwr_ex.c.obj
                                                  CMakeFiles/nucleo-u083rc.elf.dir/BSP/Drivers/STM32U0xx_HAL_Driver/Src/stm32u0xx_hal_rcc.c.obj
HAL_PWREx_PVD_PVM_IRQHandler                      CMakeFiles/nucleo-u083rc.elf.dir/BSP/Drivers/STM32U0xx_HAL_Driver/Src/stm32u0xx_hal_pwr_ex.c.obj
HAL_PWREx_PVM1_Callback                           CMakeFiles/nucleo-u083rc.elf.dir/BSP/Drivers/STM32U0xx_HAL_Driver/Src/stm32u0xx_hal_pwr_ex.c.obj
HAL_PWREx_PVM3_Callback                           CMakeFiles/nucleo-u083rc.elf.dir/BSP/Drivers/STM32U0xx_HAL_Driver/Src/stm32u0xx_hal_pwr_ex.c.obj
HAL_PWREx_PVM4_Callback                           CMakeFiles/nucleo-u083rc.elf.dir/BSP/Drivers/STM32U0xx_HAL_Driver/Src/stm32u0xx_hal_pwr_ex.c.obj
HAL_PWR_ConfigPVD                                 CMakeFiles/nucleo-u083rc.elf.dir/BSP/Drivers/STM32U0xx_HAL_Driver/Src/stm32u0xx_hal_pwr.c.obj
HAL_PWR_DeInit                                    CMakeFiles/nucleo-u083rc.elf.dir/BSP/Drivers/STM32U0xx_HAL_Driver/Src/stm32u0xx_hal_pwr.c.obj
HAL_PWR_DisableBkUpAccess                         CMakeFiles/nucleo-u083rc.elf.dir/BSP/Drivers/STM32U0xx_HAL_Driver/Src/stm32u0xx_hal_pwr.c.obj
                                                  CMakeFiles/nucleo-u083rc.elf.dir/BSP/Drivers/STM32U0xx_HAL_Driver/Src/stm32u0xx_hal_rcc_ex.c.obj
HAL_PWR_DisablePVD                                CMakeFiles/nucleo-u083rc.elf.dir/BSP/Drivers/STM32U0xx_HAL_Driver/Src/stm32u0xx_hal_pwr.c.obj
HAL_PWR_DisableSEVOnPend                          CMakeFiles/nucleo-u083rc.elf.dir/BSP/Drivers/STM32U0xx_HAL_Driver/Src/stm32u0xx_hal_pwr.c.obj
HAL_PWR_DisableSleepOnExit                        CMakeFiles/nucleo-u083rc.elf.dir/BSP/Drivers/STM32U0xx_HAL_Driver/Src/stm32u0xx_hal_pwr.c.obj
HAL_PWR_DisableWakeUpPin                          CMakeFiles/nucleo-u083rc.elf.dir/BSP/Drivers/STM32U0xx_HAL_Driver/Src/stm32u0xx_hal_pwr.c.obj
HAL_PWR_EnableBkUpAccess                          CMakeFiles/nucleo-u083rc.elf.dir/BSP/Drivers/STM32U0xx_HAL_Driver/Src/stm32u0xx_hal_pwr.c.obj
                                                  CMakeFiles/nucleo-u083rc.elf.dir/BSP/Drivers/STM32U0xx_HAL_Driver/Src/stm32u0xx_hal_rcc_ex.c.obj
HAL_PWR_EnablePVD                                 CMakeFiles/nucleo-u083rc.elf.dir/BSP/Drivers/STM32U0xx_HAL_Driver/Src/stm32u0xx_hal_pwr.c.obj
HAL_PWR_EnableSEVOnPend                           CMakeFiles/nucleo-u083rc.elf.dir/BSP/Drivers/STM32U0xx_HAL_Driver/Src/stm32u0xx_hal_pwr.c.obj
HAL_PWR_EnableSleepOnExit                         CMakeFiles/nucleo-u083rc.elf.dir/BSP/Drivers/STM32U0xx_HAL_Driver/Src/stm32u0xx_hal_pwr.c.obj
HAL_PWR_EnableWakeUpPin                           CMakeFiles/nucleo-u083rc.elf.dir/BSP/Drivers/STM32U0xx_HAL_Driver/Src/stm32u0xx_hal_pwr.c.obj
HAL_PWR_EnterSHUTDOWNMode                         CMakeFiles/nucleo-u083rc.elf.dir/BSP/Drivers/STM32U0xx_HAL_Driver/Src/stm32u0xx_hal_pwr.c.obj
HAL_PWR_EnterSLEEPMode                            CMakeFiles/nucleo-u083rc.elf.dir/BSP/Drivers/STM32U0xx_HAL_Driver/Src/stm32u0xx_hal_pwr.c.obj
HAL_PWR_EnterSTANDBYMode                          CMakeFiles/nucleo-u083rc.elf.dir/BSP/Drivers/STM32U0xx_HAL_Driver/Src/stm32u0xx_hal_pwr.c.obj
HAL_PWR_EnterSTOPMode                             CMakeFiles/nucleo-u083rc.elf.dir/BSP/Drivers/STM32U0xx_HAL_Driver/Src/stm32u0xx_hal_pwr.c.obj
HAL_PWR_PVDCallback                               CMakeFiles/nucleo-u083rc.elf.dir/BSP/Drivers/STM32U0xx_HAL_Driver/Src/stm32u0xx_hal_pwr.c.obj
                                                  CMakeFiles/nucleo-u083rc.elf.dir/BSP/Drivers/STM32U0xx_HAL_Driver/Src/stm32u0xx_hal_pwr_ex.c.obj
HAL_RCCEx_CRSConfig                               CMakeFiles/nucleo-u083rc.elf.dir/BSP/Drivers/STM32U0xx_HAL_Driver/Src/stm32u0xx_hal_rcc_ex.c.obj
HAL_RCCEx_CRSGetSynchronizationInfo               CMakeFiles/nucleo-u083rc.elf.dir/BSP/Drivers/STM32U0xx_HAL_Driver/Src/stm32u0xx_hal_rcc_ex.c.obj
HAL_RCCEx_CRSSoftwareSynchronizationGenerate      CMakeFiles/nucleo-u083rc.elf.dir/BSP/Drivers/STM32U0xx_HAL_Driver/Src/stm32u0xx_hal_rcc_ex.c.obj
HAL_RCCEx_CRSWaitSynchronization                  CMakeFiles/nucleo-u083rc.elf.dir/BSP/Drivers/STM32U0xx_HAL_Driver/Src/stm32u0xx_hal_rcc_ex.c.obj
HAL_RCCEx_CRS_ErrorCallback                       CMakeFiles/nucleo-u083rc.elf.dir/BSP/Drivers/STM32U0xx_HAL_Driver/Src/stm32u0xx_hal_rcc_ex.c.obj
HAL_RCCEx_CRS_ExpectedSyncCallback                CMakeFiles/nucleo-u083rc.elf.dir/BSP/Drivers/STM32U0xx_HAL_Driver/Src/stm32u0xx_hal_rcc_ex.c.obj
HAL_RCCEx_CRS_IRQHandler                          CMakeFiles/nucleo-u083rc.elf.dir/BSP/Drivers/STM32U0xx_HAL_Driver/Src/stm32u0xx_hal_rcc_ex.c.obj
HAL_RCCEx_CRS_SyncOkCallback                      CMakeFiles/nucleo-u083rc.elf.dir/BSP/Drivers/STM32U0xx_HAL_Driver/Src/stm32u0xx_hal_rcc_ex.c.obj
HAL_RCCEx_CRS_SyncWarnCallback                    CMakeFiles/nucleo-u083rc.elf.dir/BSP/Drivers/STM32U0xx_HAL_Driver/Src/stm32u0xx_hal_rcc_ex.c.obj
HAL_RCCEx_DisableLSCO                             CMakeFiles/nucleo-u083rc.elf.dir/BSP/Drivers/STM32U0xx_HAL_Driver/Src/stm32u0xx_hal_rcc_ex.c.obj
HAL_RCCEx_DisableLSECSS                           CMakeFiles/nucleo-u083rc.elf.dir/BSP/Drivers/STM32U0xx_HAL_Driver/Src/stm32u0xx_hal_rcc_ex.c.obj
HAL_RCCEx_DisableMSIPLLMode                       CMakeFiles/nucleo-u083rc.elf.dir/BSP/Drivers/STM32U0xx_HAL_Driver/Src/stm32u0xx_hal_rcc_ex.c.obj
HAL_RCCEx_DisablePLL                              CMakeFiles/nucleo-u083rc.elf.dir/BSP/Drivers/STM32U0xx_HAL_Driver/Src/stm32u0xx_hal_rcc_ex.c.obj
HAL_RCCEx_EnableLSCO                              CMakeFiles/nucleo-u083rc.elf.dir/BSP/Drivers/STM32U0xx_HAL_Driver/Src/stm32u0xx_hal_rcc_ex.c.obj
HAL_RCCEx_EnableLSECSS                            CMakeFiles/nucleo-u083rc.elf.dir/BSP/Drivers/STM32U0xx_HAL_Driver/Src/stm32u0xx_hal_rcc_ex.c.obj
HAL_RCCEx_EnableLSECSS_IT                         CMakeFiles/nucleo-u083rc.elf.dir/BSP/Drivers/STM32U0xx_HAL_Driver/Src/stm32u0xx_hal_rcc_ex.c.obj
HAL_RCCEx_EnableMSIPLLMode                        CMakeFiles/nucleo-u083rc.elf.dir/BSP/Drivers/STM32U0xx_HAL_Driver/Src/stm32u0xx_hal_rcc_ex.c.obj
HAL_RCCEx_EnablePLL                               CMakeFiles/nucleo-u083rc.elf.dir/BSP/Drivers/STM32U0xx_HAL_Driver/Src/stm32u0xx_hal_rcc_ex.c.obj
HAL_RCCEx_GetPLLClockFreq                         CMakeFiles/nucleo-u083rc.elf.dir/BSP/Drivers/STM32U0xx_HAL_Driver/Src/stm32u0xx_hal_rcc_ex.c.obj
HAL_RCCEx_GetPeriphCLKConfig                      CMakeFiles/nucleo-u083rc.elf.dir/BSP/Drivers/STM32U0xx_HAL_Driver/Src/stm32u0xx_hal_rcc_ex.c.obj
HAL_RCCEx_GetPeriphCLKFreq                        CMakeFiles/nucleo-u083rc.elf.dir/BSP/Drivers/STM32U0xx_HAL_Driver/Src/stm32u0xx_hal_rcc_ex.c.obj
                                                  CMakeFiles/nucleo-u083rc.elf.dir/BSP/Drivers/STM32U0xx_HAL_Driver/Src/stm32u0xx_hal_uart.c.obj
HAL_RCCEx_LSECSS_Callback                         CMakeFiles/nucleo-u083rc.elf.dir/BSP/Drivers/STM32U0xx_HAL_Driver/Src/stm32u0xx_hal_rcc_ex.c.obj
HAL_RCCEx_LSECSS_IRQHandler                       CMakeFiles/nucleo-u083rc.elf.dir/BSP/Drivers/STM32U0xx_HAL_Driver/Src/stm32u0xx_hal_rcc_ex.c.obj
HAL_RCCEx_PeriphCLKConfig                         CMakeFiles/nucleo-u083rc.elf.dir/BSP/Drivers/STM32U0xx_HAL_Driver/Src/stm32u0xx_hal_rcc_ex.c.obj
HAL_RCCEx_StandbyMSIRangeConfig                   CMakeFiles/nucleo-u083rc.elf.dir/BSP/Drivers/STM32U0xx_HAL_Driver/Src/stm32u0xx_hal_rcc_ex.c.obj
HAL_RCCEx_WakeUpStopCLKConfig                     CMakeFiles/nucleo-u083rc.elf.dir/BSP/Drivers/STM32U0xx_HAL_Driver/Src/stm32u0xx_hal_rcc_ex.c.obj
HAL_RCC_CSSCallback                               CMakeFiles/nucleo-u083rc.elf.dir/BSP/Drivers/STM32U0xx_HAL_Driver/Src/stm32u0xx_hal_rcc.c.obj
HAL_RCC_ClockConfig                               CMakeFiles/nucleo-u083rc.elf.dir/BSP/Drivers/STM32U0xx_HAL_Driver/Src/stm32u0xx_hal_rcc.c.obj
                                                  CMakeFiles/nucleo-u083rc.elf.dir/BSP/Src/main.c.obj
HAL_RCC_DeInit                                    CMakeFiles/nucleo-u083rc.elf.dir/BSP/Drivers/STM32U0xx_HAL_Driver/Src/stm32u0xx_hal_rcc.c.obj
HAL_RCC_EnableCSS                                 CMakeFiles/nucleo-u083rc.elf.dir/BSP/Drivers/STM32U0xx_HAL_Driver/Src/stm32u0xx_hal_rcc.c.obj
HAL_RCC_GetClockConfig                            CMakeFiles/nucleo-u083rc.elf.dir/BSP/Drivers/STM32U0xx_HAL_Driver/Src/stm32u0xx_hal_rcc.c.obj
HAL_RCC_GetHCLKFreq                               CMakeFiles/nucleo-u083rc.elf.dir/BSP/Drivers/STM32U0xx_HAL_Driver/Src/stm32u0xx_hal_rcc.c.obj
HAL_RCC_GetOscConfig                              CMakeFiles/nucleo-u083rc.elf.dir/BSP/Drivers/STM32U0xx_HAL_Driver/Src/stm32u0xx_hal_rcc.c.obj
HAL_RCC_GetPCLK1Freq                              CMakeFiles/nucleo-u083rc.elf.dir/BSP/Drivers/STM32U0xx_HAL_Driver/Src/stm32u0xx_hal_rcc.c.obj
                                                  CMakeFiles/nucleo-u083rc.elf.dir/BSP/Drivers/STM32U0xx_HAL_Driver/Src/stm32u0xx_hal_rcc_ex.c.obj
HAL_RCC_GetResetSource                            CMakeFiles/nucleo-u083rc.elf.dir/BSP/Drivers/STM32U0xx_HAL_Driver/Src/stm32u0xx_hal_rcc.c.obj
HAL_RCC_GetSysClockFreq                           CMakeFiles/nucleo-u083rc.elf.dir/BSP/Drivers/STM32U0xx_HAL_Driver/Src/stm32u0xx_hal_rcc.c.obj
                                                  CMakeFiles/nucleo-u083rc.elf.dir/BSP/Drivers/STM32U0xx_HAL_Driver/Src/stm32u0xx_hal_rcc_ex.c.obj
HAL_RCC_MCOConfig                                 CMakeFiles/nucleo-u083rc.elf.dir/BSP/Drivers/STM32U0xx_HAL_Driver/Src/stm32u0xx_hal_rcc.c.obj
HAL_RCC_NMI_IRQHandler                            CMakeFiles/nucleo-u083rc.elf.dir/BSP/Drivers/STM32U0xx_HAL_Driver/Src/stm32u0xx_hal_rcc.c.obj
HAL_RCC_OscConfig                                 CMakeFiles/nucleo-u083rc.elf.dir/BSP/Drivers/STM32U0xx_HAL_Driver/Src/stm32u0xx_hal_rcc.c.obj
                                                  CMakeFiles/nucleo-u083rc.elf.dir/BSP/Src/main.c.obj
HAL_RS485Ex_Init                                  CMakeFiles/nucleo-u083rc.elf.dir/BSP/Drivers/STM32U0xx_HAL_Driver/Src/stm32u0xx_hal_uart_ex.c.obj
HAL_ResumeTick                                    CMakeFiles/nucleo-u083rc.elf.dir/BSP/Drivers/STM32U0xx_HAL_Driver/Src/stm32u0xx_hal.c.obj
HAL_SYSCFG_ClearTSCComparatorModeIO               CMakeFiles/nucleo-u083rc.elf.dir/BSP/Drivers/STM32U0xx_HAL_Driver/Src/stm32u0xx_hal.c.obj
HAL_SYSCFG_DisableIOAnalogSwitchBooster           CMakeFiles/nucleo-u083rc.elf.dir/BSP/Drivers/STM32U0xx_HAL_Driver/Src/stm32u0xx_hal.c.obj
HAL_SYSCFG_DisableRemap                           CMakeFiles/nucleo-u083rc.elf.dir/BSP/Drivers/STM32U0xx_HAL_Driver/Src/stm32u0xx_hal.c.obj
HAL_SYSCFG_DisableTSCComparatorMode               CMakeFiles/nucleo-u083rc.elf.dir/BSP/Drivers/STM32U0xx_HAL_Driver/Src/stm32u0xx_hal.c.obj
HAL_SYSCFG_DisableVREFBUF                         CMakeFiles/nucleo-u083rc.elf.dir/BSP/Drivers/STM32U0xx_HAL_Driver/Src/stm32u0xx_hal.c.obj
HAL_SYSCFG_EnableIOAnalogSwitchBooster            CMakeFiles/nucleo-u083rc.elf.dir/BSP/Drivers/STM32U0xx_HAL_Driver/Src/stm32u0xx_hal.c.obj
HAL_SYSCFG_EnableRemap                            CMakeFiles/nucleo-u083rc.elf.dir/BSP/Drivers/STM32U0xx_HAL_Driver/Src/stm32u0xx_hal.c.obj
HAL_SYSCFG_EnableTSCComparatorMode                CMakeFiles/nucleo-u083rc.elf.dir/BSP/Drivers/STM32U0xx_HAL_Driver/Src/stm32u0xx_hal.c.obj
HAL_SYSCFG_EnableVREFBUF                          CMakeFiles/nucleo-u083rc.elf.dir/BSP/Drivers/STM32U0xx_HAL_Driver/Src/stm32u0xx_hal.c.obj
HAL_SYSCFG_EraseSRAM2                             CMakeFiles/nucleo-u083rc.elf.dir/BSP/Drivers/STM32U0xx_HAL_Driver/Src/stm32u0xx_hal.c.obj
HAL_SYSCFG_GetTSCComparatorModeIO                 CMakeFiles/nucleo-u083rc.elf.dir/BSP/Drivers/STM32U0xx_HAL_Driver/Src/stm32u0xx_hal.c.obj
HAL_SYSCFG_LockSRAM2                              CMakeFiles/nucleo-u083rc.elf.dir/BSP/Drivers/STM32U0xx_HAL_Driver/Src/stm32u0xx_hal.c.obj
HAL_SYSCFG_SetTSCComparatorModeIO                 CMakeFiles/nucleo-u083rc.elf.dir/BSP/Drivers/STM32U0xx_HAL_Driver/Src/stm32u0xx_hal.c.obj
HAL_SYSCFG_UnlockSRAM2                            CMakeFiles/nucleo-u083rc.elf.dir/BSP/Drivers/STM32U0xx_HAL_Driver/Src/stm32u0xx_hal.c.obj
HAL_SYSCFG_VREFBUF_HighImpedanceConfig            CMakeFiles/nucleo-u083rc.elf.dir/BSP/Drivers/STM32U0xx_HAL_Driver/Src/stm32u0xx_hal.c.obj
HAL_SYSCFG_VREFBUF_TrimmingConfig                 CMakeFiles/nucleo-u083rc.elf.dir/BSP/Drivers/STM32U0xx_HAL_Driver/Src/stm32u0xx_hal.c.obj
HAL_SYSCFG_VREFBUF_VoltageScalingConfig           CMakeFiles/nucleo-u083rc.elf.dir/BSP/Drivers/STM32U0xx_HAL_Driver/Src/stm32u0xx_hal.c.obj
HAL_SYSTICK_CLKSourceConfig                       CMakeFiles/nucleo-u083rc.elf.dir/BSP/Drivers/STM32U0xx_HAL_Driver/Src/stm32u0xx_hal_cortex.c.obj
HAL_SYSTICK_Callback                              CMakeFiles/nucleo-u083rc.elf.dir/BSP/Drivers/STM32U0xx_HAL_Driver/Src/stm32u0xx_hal_cortex.c.obj
HAL_SYSTICK_Config                                CMakeFiles/nucleo-u083rc.elf.dir/BSP/Drivers/STM32U0xx_HAL_Driver/Src/stm32u0xx_hal_cortex.c.obj
                                                  CMakeFiles/nucleo-u083rc.elf.dir/BSP/Drivers/STM32U0xx_HAL_Driver/Src/stm32u0xx_hal.c.obj
HAL_SYSTICK_IRQHandler                            CMakeFiles/nucleo-u083rc.elf.dir/BSP/Drivers/STM32U0xx_HAL_Driver/Src/stm32u0xx_hal_cortex.c.obj
HAL_SetTickFreq                                   CMakeFiles/nucleo-u083rc.elf.dir/BSP/Drivers/STM32U0xx_HAL_Driver/Src/stm32u0xx_hal.c.obj
HAL_SuspendTick                                   CMakeFiles/nucleo-u083rc.elf.dir/BSP/Drivers/STM32U0xx_HAL_Driver/Src/stm32u0xx_hal.c.obj
HAL_UARTEx_DisableFifoMode                        CMakeFiles/nucleo-u083rc.elf.dir/BSP/Drivers/STM32U0xx_HAL_Driver/Src/stm32u0xx_hal_uart_ex.c.obj
HAL_UARTEx_DisableStopMode                        CMakeFiles/nucleo-u083rc.elf.dir/BSP/Drivers/STM32U0xx_HAL_Driver/Src/stm32u0xx_hal_uart_ex.c.obj
HAL_UARTEx_EnableFifoMode                         CMakeFiles/nucleo-u083rc.elf.dir/BSP/Drivers/STM32U0xx_HAL_Driver/Src/stm32u0xx_hal_uart_ex.c.obj
HAL_UARTEx_EnableStopMode                         CMakeFiles/nucleo-u083rc.elf.dir/BSP/Drivers/STM32U0xx_HAL_Driver/Src/stm32u0xx_hal_uart_ex.c.obj
HAL_UARTEx_GetRxEventType                         CMakeFiles/nucleo-u083rc.elf.dir/BSP/Drivers/STM32U0xx_HAL_Driver/Src/stm32u0xx_hal_uart_ex.c.obj
HAL_UARTEx_ReceiveToIdle                          CMakeFiles/nucleo-u083rc.elf.dir/BSP/Drivers/STM32U0xx_HAL_Driver/Src/stm32u0xx_hal_uart_ex.c.obj
HAL_UARTEx_ReceiveToIdle_DMA                      CMakeFiles/nucleo-u083rc.elf.dir/BSP/Drivers/STM32U0xx_HAL_Driver/Src/stm32u0xx_hal_uart_ex.c.obj
HAL_UARTEx_ReceiveToIdle_IT                       CMakeFiles/nucleo-u083rc.elf.dir/BSP/Drivers/STM32U0xx_HAL_Driver/Src/stm32u0xx_hal_uart_ex.c.obj
HAL_UARTEx_RxEventCallback                        CMakeFiles/nucleo-u083rc.elf.dir/BSP/Drivers/STM32U0xx_HAL_Driver/Src/stm32u0xx_hal_uart.c.obj
HAL_UARTEx_RxFifoFullCallback                     CMakeFiles/nucleo-u083rc.elf.dir/BSP/Drivers/STM32U0xx_HAL_Driver/Src/stm32u0xx_hal_uart_ex.c.obj
                                                  CMakeFiles/nucleo-u083rc.elf.dir/BSP/Drivers/STM32U0xx_HAL_Driver/Src/stm32u0xx_hal_uart.c.obj
HAL_UARTEx_SetRxFifoThreshold                     CMakeFiles/nucleo-u083rc.elf.dir/BSP/Drivers/STM32U0xx_HAL_Driver/Src/stm32u0xx_hal_uart_ex.c.obj
HAL_UARTEx_SetTxFifoThreshold                     CMakeFiles/nucleo-u083rc.elf.dir/BSP/Drivers/STM32U0xx_HAL_Driver/Src/stm32u0xx_hal_uart_ex.c.obj
HAL_UARTEx_StopModeWakeUpSourceConfig             CMakeFiles/nucleo-u083rc.elf.dir/BSP/Drivers/STM32U0xx_HAL_Driver/Src/stm32u0xx_hal_uart_ex.c.obj
HAL_UARTEx_TxFifoEmptyCallback                    CMakeFiles/nucleo-u083rc.elf.dir/BSP/Drivers/STM32U0xx_HAL_Driver/Src/stm32u0xx_hal_uart_ex.c.obj
                                                  CMakeFiles/nucleo-u083rc.elf.dir/BSP/Drivers/STM32U0xx_HAL_Driver/Src/stm32u0xx_hal_uart.c.obj
HAL_UARTEx_WakeupCallback                         CMakeFiles/nucleo-u083rc.elf.dir/BSP/Drivers/STM32U0xx_HAL_Driver/Src/stm32u0xx_hal_uart_ex.c.obj
                                                  CMakeFiles/nucleo-u083rc.elf.dir/BSP/Drivers/STM32U0xx_HAL_Driver/Src/stm32u0xx_hal_uart.c.obj
HAL_UART_Abort                                    CMakeFiles/nucleo-u083rc.elf.dir/BSP/Drivers/STM32U0xx_HAL_Driver/Src/stm32u0xx_hal_uart.c.obj
HAL_UART_AbortCpltCallback                        CMakeFiles/nucleo-u083rc.elf.dir/BSP/Drivers/STM32U0xx_HAL_Driver/Src/stm32u0xx_hal_uart.c.obj
HAL_UART_AbortReceive                             CMakeFiles/nucleo-u083rc.elf.dir/BSP/Drivers/STM32U0xx_HAL_Driver/Src/stm32u0xx_hal_uart.c.obj
HAL_UART_AbortReceiveCpltCallback                 CMakeFiles/nucleo-u083rc.elf.dir/BSP/Drivers/STM32U0xx_HAL_Driver/Src/stm32u0xx_hal_uart.c.obj
HAL_UART_AbortReceive_IT                          CMakeFiles/nucleo-u083rc.elf.dir/BSP/Drivers/STM32U0xx_HAL_Driver/Src/stm32u0xx_hal_uart.c.obj
HAL_UART_AbortTransmit                            CMakeFiles/nucleo-u083rc.elf.dir/BSP/Drivers/STM32U0xx_HAL_Driver/Src/stm32u0xx_hal_uart.c.obj
HAL_UART_AbortTransmitCpltCallback                CMakeFiles/nucleo-u083rc.elf.dir/BSP/Drivers/STM32U0xx_HAL_Driver/Src/stm32u0xx_hal_uart.c.obj
HAL_UART_AbortTransmit_IT                         CMakeFiles/nucleo-u083rc.elf.dir/BSP/Drivers/STM32U0xx_HAL_Driver/Src/stm32u0xx_hal_uart.c.obj
HAL_UART_Abort_IT                                 CMakeFiles/nucleo-u083rc.elf.dir/BSP/Drivers/STM32U0xx_HAL_Driver/Src/stm32u0xx_hal_uart.c.obj
HAL_UART_DMAPause                                 CMakeFiles/nucleo-u083rc.elf.dir/BSP/Drivers/STM32U0xx_HAL_Driver/Src/stm32u0xx_hal_uart.c.obj
HAL_UART_DMAResume                                CMakeFiles/nucleo-u083rc.elf.dir/BSP/Drivers/STM32U0xx_HAL_Driver/Src/stm32u0xx_hal_uart.c.obj
HAL_UART_DMAStop                                  CMakeFiles/nucleo-u083rc.elf.dir/BSP/Drivers/STM32U0xx_HAL_Driver/Src/stm32u0xx_hal_uart.c.obj
HAL_UART_DeInit                                   CMakeFiles/nucleo-u083rc.elf.dir/BSP/Drivers/STM32U0xx_HAL_Driver/Src/stm32u0xx_hal_uart.c.obj
                                                  CMakeFiles/nucleo-u083rc.elf.dir/BSP/Drivers/BSP/STM32U0xx_Nucleo/stm32u0xx_nucleo.c.obj
HAL_UART_DisableReceiverTimeout                   CMakeFiles/nucleo-u083rc.elf.dir/BSP/Drivers/STM32U0xx_HAL_Driver/Src/stm32u0xx_hal_uart.c.obj
HAL_UART_EnableReceiverTimeout                    CMakeFiles/nucleo-u083rc.elf.dir/BSP/Drivers/STM32U0xx_HAL_Driver/Src/stm32u0xx_hal_uart.c.obj
HAL_UART_ErrorCallback                            CMakeFiles/nucleo-u083rc.elf.dir/BSP/Drivers/STM32U0xx_HAL_Driver/Src/stm32u0xx_hal_uart.c.obj
HAL_UART_GetError                                 CMakeFiles/nucleo-u083rc.elf.dir/BSP/Drivers/STM32U0xx_HAL_Driver/Src/stm32u0xx_hal_uart.c.obj
HAL_UART_GetState                                 CMakeFiles/nucleo-u083rc.elf.dir/BSP/Drivers/STM32U0xx_HAL_Driver/Src/stm32u0xx_hal_uart.c.obj
HAL_UART_IRQHandler                               CMakeFiles/nucleo-u083rc.elf.dir/BSP/Drivers/STM32U0xx_HAL_Driver/Src/stm32u0xx_hal_uart.c.obj
HAL_UART_Init                                     CMakeFiles/nucleo-u083rc.elf.dir/BSP/Drivers/STM32U0xx_HAL_Driver/Src/stm32u0xx_hal_uart.c.obj
                                                  CMakeFiles/nucleo-u083rc.elf.dir/BSP/Drivers/BSP/STM32U0xx_Nucleo/stm32u0xx_nucleo.c.obj
HAL_UART_MspDeInit                                CMakeFiles/nucleo-u083rc.elf.dir/BSP/Drivers/STM32U0xx_HAL_Driver/Src/stm32u0xx_hal_uart.c.obj
HAL_UART_MspInit                                  CMakeFiles/nucleo-u083rc.elf.dir/BSP/Drivers/STM32U0xx_HAL_Driver/Src/stm32u0xx_hal_uart.c.obj
                                                  CMakeFiles/nucleo-u083rc.elf.dir/BSP/Drivers/STM32U0xx_HAL_Driver/Src/stm32u0xx_hal_uart_ex.c.obj
HAL_UART_Receive                                  CMakeFiles/nucleo-u083rc.elf.dir/BSP/Drivers/STM32U0xx_HAL_Driver/Src/stm32u0xx_hal_uart.c.obj
HAL_UART_Receive_DMA                              CMakeFiles/nucleo-u083rc.elf.dir/BSP/Drivers/STM32U0xx_HAL_Driver/Src/stm32u0xx_hal_uart.c.obj
HAL_UART_Receive_IT                               CMakeFiles/nucleo-u083rc.elf.dir/BSP/Drivers/STM32U0xx_HAL_Driver/Src/stm32u0xx_hal_uart.c.obj
HAL_UART_ReceiverTimeout_Config                   CMakeFiles/nucleo-u083rc.elf.dir/BSP/Drivers/STM32U0xx_HAL_Driver/Src/stm32u0xx_hal_uart.c.obj
HAL_UART_RxCpltCallback                           CMakeFiles/nucleo-u083rc.elf.dir/BSP/Drivers/STM32U0xx_HAL_Driver/Src/stm32u0xx_hal_uart.c.obj
HAL_UART_RxHalfCpltCallback                       CMakeFiles/nucleo-u083rc.elf.dir/BSP/Drivers/STM32U0xx_HAL_Driver/Src/stm32u0xx_hal_uart.c.obj
HAL_UART_Transmit                                 CMakeFiles/nucleo-u083rc.elf.dir/BSP/Drivers/STM32U0xx_HAL_Driver/Src/stm32u0xx_hal_uart.c.obj
                                                  CMakeFiles/nucleo-u083rc.elf.dir/BSP/Drivers/BSP/STM32U0xx_Nucleo/stm32u0xx_nucleo.c.obj
HAL_UART_Transmit_DMA                             CMakeFiles/nucleo-u083rc.elf.dir/BSP/Drivers/STM32U0xx_HAL_Driver/Src/stm32u0xx_hal_uart.c.obj
HAL_UART_Transmit_IT                              CMakeFiles/nucleo-u083rc.elf.dir/BSP/Drivers/STM32U0xx_HAL_Driver/Src/stm32u0xx_hal_uart.c.obj
HAL_UART_TxCpltCallback                           CMakeFiles/nucleo-u083rc.elf.dir/BSP/Drivers/STM32U0xx_HAL_Driver/Src/stm32u0xx_hal_uart.c.obj
HAL_UART_TxHalfCpltCallback                       CMakeFiles/nucleo-u083rc.elf.dir/BSP/Drivers/STM32U0xx_HAL_Driver/Src/stm32u0xx_hal_uart.c.obj
HardFault_Handler                                 CMakeFiles/nucleo-u083rc.elf.dir/BSP/Src/stm32u0xx_it.c.obj
I2C1_IRQHandler                                   CMakeFiles/nucleo-u083rc.elf.dir/BSP/startup_stm32u083xx.s.obj
I2C2_3_4_IRQHandler                               CMakeFiles/nucleo-u083rc.elf.dir/BSP/startup_stm32u083xx.s.obj
LCD_IRQHandler                                    CMakeFiles/nucleo-u083rc.elf.dir/BSP/startup_stm32u083xx.s.obj
MSIRangeTable                                     CMakeFiles/nucleo-u083rc.elf.dir/BSP/Src/system_stm32u0xx.c.obj
                                                  CMakeFiles/nucleo-u083rc.elf.dir/BSP/Drivers/STM32U0xx_HAL_Driver/Src/stm32u0xx_hal_rcc_ex.c.obj
                                                  CMakeFiles/nucleo-u083rc.elf.dir/BSP/Drivers/STM32U0xx_HAL_Driver/Src/stm32u0xx_hal_rcc.c.obj
MX_USART2_Init                                    CMakeFiles/nucleo-u083rc.elf.dir/BSP/Drivers/BSP/STM32U0xx_Nucleo/stm32u0xx_nucleo.c.obj
NMI_Handler                                       CMakeFiles/nucleo-u083rc.elf.dir/BSP/Src/stm32u0xx_it.c.obj
PVD_PVM_IRQHandler                                CMakeFiles/nucleo-u083rc.elf.dir/BSP/startup_stm32u083xx.s.obj
PendSV_Handler                                    CMakeFiles/nucleo-u083rc.elf.dir/BSP/Src/stm32u0xx_it.c.obj
RCC_CRS_IRQHandler                                CMakeFiles/nucleo-u083rc.elf.dir/BSP/startup_stm32u083xx.s.obj
RNG_CRYP_IRQHandler                               CMakeFiles/nucleo-u083rc.elf.dir/BSP/startup_stm32u083xx.s.obj
RTC_TAMP_IRQHandler                               CMakeFiles/nucleo-u083rc.elf.dir/BSP/startup_stm32u083xx.s.obj
Reset_Handler                                     CMakeFiles/nucleo-u083rc.elf.dir/BSP/startup_stm32u083xx.s.obj
SPI1_IRQHandler                                   CMakeFiles/nucleo-u083rc.elf.dir/BSP/startup_stm32u083xx.s.obj
SPI2_3_IRQHandler                                 CMakeFiles/nucleo-u083rc.elf.dir/BSP/startup_stm32u083xx.s.obj
SVC_Handler                                       CMakeFiles/nucleo-u083rc.elf.dir/BSP/Src/stm32u0xx_it.c.obj
SysTick_Handler                                   CMakeFiles/nucleo-u083rc.elf.dir/BSP/Src/stm32u0xx_it.c.obj